******************************************************************************
                  TI ARM Linker PC v20.2.7                     
******************************************************************************
>> Linked Fri Mar  6 10:40:28 2026

OUTPUT FILE NAME:   <Lab5.out>
ENTRY POINT SYMBOL: "_c_int00_noargs"  address: 00003a15


MEMORY CONFIGURATION

         name            origin    length      used     unused   attr    fill
----------------------  --------  ---------  --------  --------  ----  --------
  FLASH                 00000000   00040000  0000439c  0003bc64  R  X
  SRAM                  20000000   00008000  000017e4  0000681c  RW X


SEGMENT ALLOCATION MAP

run origin  load origin   length   init length attrs members
----------  ----------- ---------- ----------- ----- -------
00000000    00000000    000043a0   000043a0    r-x
  00000000    00000000    0000026c   0000026c    r-- .intvecs
  0000026c    0000026c    00003c48   00003c48    r-x .text
  00003eb4    00003eb4    00000448   00000448    r-- .const
  00004300    00004300    000000a0   000000a0    r-- .cinit
20000000    20000000    000017e8   00000000    rw-
  20000000    20000000    0000026c   00000000    rw- .vtable
  20000270    20000270    00000800   00000000    rw- .stack
  20000a70    20000a70    00000800   00000000    rw- .sysmem
  20001270    20001270    00000384   00000000    rw- .bss
  200015f4    200015f4    000001f4   00000000    rw- .data


SECTION ALLOCATION MAP

 output                                  attributes/
section   page    origin      length       input sections
--------  ----  ----------  ----------   ----------------
.intvecs   0    00000000    0000026c     
                  00000000    0000026c     tm4c123gh6pm_startup_ccs.obj (.intvecs)

.text      0    0000026c    00003c48     
                  0000026c    00000a4e     rtsv7M4_T_le_v4SPD16_eabi.lib : _printfi.c.obj (.text:__TI_printfi)
                  00000cba    00000002                                   : _lock.c.obj (.text:_nop)
                  00000cbc    00000470     Util.lib : event.obj (.text)
                  0000112c    00000270     rtsv7M4_T_le_v4SPD16_eabi.lib : _printfi.c.obj (.text:_pconv_a)
                  0000139c    000001d0                                   : _printfi.c.obj (.text:_pconv_g)
                  0000156c    000001b6                                   : fd_add_t2.asm.obj (.text)
                  00001722    00000002                                   : div0.asm.obj (.text)
                  00001724    000001b0     lab5_main.obj (.text)
                  000018d4    00000198     Util.lib : pushbutton.obj (.text)
                  00001a6c    0000016c     driverlib.lib : gpio.obj (.text:GPIOPadConfigSet)
                  00001bd8    0000013c     rtsv7M4_T_le_v4SPD16_eabi.lib : _printfi.c.obj (.text:_pconv_e)
                  00001d14    00000136                                   : fd_div_t2.asm.obj (.text)
                  00001e4a    00000002     --HOLE-- [fill = 0]
                  00001e4c    00000124                                   : _printfi.c.obj (.text:fcvt)
                  00001f70    00000118     driverlib.lib : sysctl.obj (.text:SysCtlClockGet)
                  00002088    00000114     rtsv7M4_T_le_v4SPD16_eabi.lib : fputs.c.obj (.text:fputs)
                  0000219c    00000110     motion.obj (.text)
                  000022ac    00000110     rtsv7M4_T_le_v4SPD16_eabi.lib : s_scalbn.c.obj (.text:scalbn)
                  000023bc    00000100                                   : memory.c.obj (.text:aligned_alloc)
                  000024bc    000000fc                                   : fd_mul_t2.asm.obj (.text)
                  000025b8    000000f4     driverlib.lib : sysctl.obj (.text:SysCtlClockSet)
                  000026ac    000000e4     rtsv7M4_T_le_v4SPD16_eabi.lib : memory.c.obj (.text:free)
                  00002790    000000dc                                   : setvbuf.c.obj (.text:setvbuf)
                  0000286c    000000c8     Util.lib : uart.obj (.text)
                  00002934    000000c0              : launchpad.obj (.text)
                  000029f4    000000b1     rtsv7M4_T_le_v4SPD16_eabi.lib : _printfi.c.obj (.text:_ltostr)
                  00002aa5    00000001     --HOLE-- [fill = 0]
                  00002aa6    0000009c                                   : memcpy_t2.asm.obj (.text)
                  00002b42    00000096                                   : ull_div_t2.asm.obj (.text)
                  00002bd8    00000086                                   : fd_cmp_t2.asm.obj (.text:__aeabi_cdcmple)
                  00002c5e    00000086                                   : fd_cmp_t2.asm.obj (.text:__aeabi_cdrcmple)
                  00002ce4    00000084     Util.lib : led.obj (.text)
                  00002d68    0000007c     rtsv7M4_T_le_v4SPD16_eabi.lib : fflush.c.obj (.text:fflush)
                  00002de4    0000007a                                   : memset_t2.asm.obj (.text)
                  00002e5e    00000002     --HOLE-- [fill = 0]
                  00002e60    00000074                                   : fclose.c.obj (.text:__TI_closefile)
                  00002ed4    00000070                                   : memory.c.obj (.text:split)
                  00002f44    0000006e                                   : _printfi.c.obj (.text:_mcpy)
                  00002fb2    00000002     --HOLE-- [fill = 0]
                  00002fb4    0000006c                                   : hostrename.c.obj (.text:HOSTrename)
                  00003020    00000068                                   : hostlseek.c.obj (.text:HOSTlseek)
                  00003088    00000068     driverlib.lib : interrupt.obj (.text:IntEnable)
                  000030f0    00000068     rtsv7M4_T_le_v4SPD16_eabi.lib : copy_decompress_lzss.c.obj (.text:decompress:lzss:__TI_decompress_lzss)
                  00003158    00000064                                   : s_frexp.c.obj (.text:frexp)
                  000031bc    00000064                                   : fseek.c.obj (.text:fseek)
                  00003220    00000062                                   : _io_perm.c.obj (.text:__TI_wrt_ok)
                  00003282    00000002     --HOLE-- [fill = 0]
                  00003284    00000060                                   : hostopen.c.obj (.text:HOSTopen)
                  000032e4    0000005c                                   : close.c.obj (.text:close)
                  00003340    00000058     driverlib.lib : gpio.obj (.text:GPIOIntTypeSet)
                  00003398    00000058     rtsv7M4_T_le_v4SPD16_eabi.lib : hostread.c.obj (.text:HOSTread)
                  000033f0    00000058                                   : hostwrite.c.obj (.text:HOSTwrite)
                  00003448    00000056                                   : _printfi.c.obj (.text:_pconv_f)
                  0000349e    00000054                                   : _ltoa.c.obj (.text:__TI_ltoa)
                  000034f2    00000052                                   : _printfi.c.obj (.text:_ecpy)
                  00003544    0000004c     driverlib.lib : gpio.obj (.text:GPIOPinConfigure)
                  00003590    0000004c     rtsv7M4_T_le_v4SPD16_eabi.lib : fflush.c.obj (.text:__TI_doflush)
                  000035dc    0000004c                                   : atoi.c.obj (.text:atoi)
                  00003628    00000048                                   : exit.c.obj (.text:exit)
                  00003670    00000048                                   : fd_toi_t2.asm.obj (.text)
                  000036b8    00000046     driverlib.lib : uart.obj (.text:UARTConfigSetExpClk)
                  000036fe    00000002     --HOLE-- [fill = 0]
                  00003700    00000044     rtsv7M4_T_le_v4SPD16_eabi.lib : hostclose.c.obj (.text:HOSTclose)
                  00003744    00000044                                   : hostunlink.c.obj (.text:HOSTunlink)
                  00003788    00000044     driverlib.lib : gpio.obj (.text:_GPIOIntNumberGet)
                  000037cc    00000044     rtsv7M4_T_le_v4SPD16_eabi.lib : autoinit.c.obj (.text:__TI_auto_init_nobinit_nopinit:__TI_auto_init_nobinit_nopinit)
                  00003810    00000044                                   : getdevice.c.obj (.text:getdevice)
                  00003854    00000040                                   : vsnprintf.c.obj (.text:vsnprintf)
                  00003894    0000003e                                   : _printfi.c.obj (.text:_fcpy)
                  000038d2    00000002     --HOLE-- [fill = 0]
                  000038d4    00000038                                   : trgmsg.c.obj (.text:__TI_writemsg)
                  0000390c    00000036                                   : strncpy.c.obj (.text:strncpy)
                  00003942    00000002     --HOLE-- [fill = 0]
                  00003944    00000034     driverlib.lib : interrupt.obj (.text:IntRegister)
                  00003978    00000034                   : sysctl.obj (.text:SysCtlPeripheralEnable)
                  000039ac    00000034     rtsv7M4_T_le_v4SPD16_eabi.lib : fopen.c.obj (.text:__TI_cleanup)
                  000039e0    00000034                                   : trgmsg.c.obj (.text:__TI_readmsg)
                  00003a14    00000034                                   : boot_cortex_m.c.obj (.text:_c_int00_noargs:_c_int00_noargs)
                  00003a48    00000030                                   : vsnprintf.c.obj (.text:_outs)
                  00003a78    00000030                                   : getdevice.c.obj (.text:finddevice)
                  00003aa8    0000002e                                   : i_tofd_t2.asm.obj (.text)
                  00003ad6    0000002c     driverlib.lib : gpio.obj (.text:GPIODirModeSet)
                  00003b02    00000002     --HOLE-- [fill = 0]
                  00003b04    0000002c     buzzer_asm.obj (.text)
                  00003b30    0000002c     rtsv7M4_T_le_v4SPD16_eabi.lib : unlink.c.obj (.text:unlink)
                  00003b5c    00000028                                   : memory.c.obj (.text:free_list_insert)
                  00003b84    00000028                                   : lseek.c.obj (.text:lseek)
                  00003bac    00000028                                   : write.c.obj (.text:write)
                  00003bd4    00000024     driverlib.lib : interrupt.obj (.text:IntPrioritySet)
                  00003bf8    00000020                   : uart.obj (.text:UARTDisable)
                  00003c18    00000020     rtsv7M4_T_le_v4SPD16_eabi.lib : memchr.c.obj (.text:memchr)
                  00003c38    0000001c     driverlib.lib : systick.obj (.text:SysTickIntRegister)
                  00003c54    0000001c     rtsv7M4_T_le_v4SPD16_eabi.lib : assert.c.obj (.text:_abort_msg)
                  00003c70    0000001c     buzzer.obj (.text)
                  00003c8c    0000001c     rtsv7M4_T_le_v4SPD16_eabi.lib : memory.c.obj (.text:free_list_remove)
                  00003ca8    0000001c                                   : memccpy.c.obj (.text:memccpy)
                  00003cc4    0000001c     motion_asm.obj (.text)
                  00003ce0    0000001a     driverlib.lib : gpio.obj (.text:GPIOPinTypeGPIOOutput)
                  00003cfa    0000001a     rtsv7M4_T_le_v4SPD16_eabi.lib : s_copysign.c.obj (.text:copysign)
                  00003d14    00000018     driverlib.lib : gpio.obj (.text:GPIOIntRegister)
                  00003d2c    00000018     rtsv7M4_T_le_v4SPD16_eabi.lib : vsnprintf.c.obj (.text:_outc)
                  00003d44    00000018                                   : strcmp.c.obj (.text:strcmp)
                  00003d5c    00000016     lab5_main.obj (.text:EventInitialized)
                  00003d72    00000016     driverlib.lib : gpio.obj (.text:GPIOPinTypeGPIOInput)
                  00003d88    00000016                   : gpio.obj (.text:GPIOPinTypeUART)
                  00003d9e    00000016     rtsv7M4_T_le_v4SPD16_eabi.lib : strchr.c.obj (.text:strchr)
                  00003db4    00000014     driverlib.lib : systick.obj (.text:SysTickEnable)
                  00003dc8    00000014                   : systick.obj (.text:SysTickIntEnable)
                  00003ddc    00000014                   : uart.obj (.text:UARTEnable)
                  00003df0    00000014     rtsv7M4_T_le_v4SPD16_eabi.lib : strcpy.c.obj (.text:strcpy)
                  00003e04    00000014                                   : strlen.c.obj (.text:strlen)
                  00003e18    00000012                                   : wcslen.c.obj (.text:wcslen)
                  00003e2a    00000002     --HOLE-- [fill = 0]
                  00003e2c    00000010     driverlib.lib : systick.obj (.text:SysTickPeriodSet)
                  00003e3c    0000000e     rtsv7M4_T_le_v4SPD16_eabi.lib : copy_decompress_none.c.obj (.text:decompress:none:__TI_decompress_none)
                  00003e4a    0000000c     driverlib.lib : gpio.obj (.text:GPIOIntEnable)
                  00003e56    0000000c     rtsv7M4_T_le_v4SPD16_eabi.lib : copy_zero_init.c.obj (.text:decompress:ZI:__TI_zero_init)
                  00003e62    0000000c     tm4c123gh6pm_startup_ccs.obj (.text)
                  00003e6e    0000000a     driverlib.lib : uart.obj (.text:UARTCharGet)
                  00003e78    0000000a                   : uart.obj (.text:UARTCharPut)
                  00003e82    00000002     --HOLE-- [fill = 0]
                  00003e84    00000008     rtsv7M4_T_le_v4SPD16_eabi.lib : errno.c.obj (.text:__aeabi_errno_addr)
                  00003e8c    00000008                                   : memory.c.obj (.text:malloc)
                  00003e94    00000006     driverlib.lib : gpio.obj (.text:GPIOIntClear)
                  00003e9a    00000006                   : gpio.obj (.text:GPIOPinRead)
                  00003ea0    00000006                   : gpio.obj (.text:GPIOPinWrite)
                  00003ea6    00000006                   : sysctl.obj (.text:SysCtlDelay)
                  00003eac    00000004     rtsv7M4_T_le_v4SPD16_eabi.lib : pre_init.c.obj (.text:_system_pre_init)
                  00003eb0    00000004                                   : exit.c.obj (.text:abort:abort)

.const     0    00003eb4    00000448     
                  00003eb4    00000101     rtsv7M4_T_le_v4SPD16_eabi.lib : ctype.c.obj (.const:.string:_ctypes_)
                  00003fb5    00000003     --HOLE-- [fill = 0]
                  00003fb8    000000d8     driverlib.lib : gpio.obj (.const:g_ppui32GPIOIntMapSnowflake)
                  00004090    000000c0                   : gpio.obj (.const:g_ppui32GPIOIntMapBlizzard)
                  00004150    0000009c                   : interrupt.obj (.const:g_pui32Regs)
                  000041ec    00000090                   : gpio.obj (.const:g_pui32GPIOBaseAddrs)
                  0000427c    0000006c                   : sysctl.obj (.const:g_pui32Xtals)
                  000042e8    00000014                   : interrupt.obj (.const:g_pui32EnRegs)

.cinit     0    00004300    000000a0     
                  00004300    00000069     (.cinit..data.load) [load image, compression = lzss]
                  00004369    00000003     --HOLE-- [fill = 0]
                  0000436c    0000000c     (__TI_handler_table)
                  00004378    00000008     (.cinit..bss.load) [load image, compression = zero_init]
                  00004380    00000008     (.cinit..vtable.load) [load image, compression = zero_init]
                  00004388    00000018     (__TI_cinit_table)

.init_array 
*          0    00000000    00000000     UNINITIALIZED

.vtable    0    20000000    0000026c     UNINITIALIZED
                  20000000    0000026c     driverlib.lib : interrupt.obj (.vtable)

.stack     0    20000270    00000800     UNINITIALIZED
                  20000270    00000004     rtsv7M4_T_le_v4SPD16_eabi.lib : boot_cortex_m.c.obj (.stack)
                  20000274    000007fc     --HOLE--

.sysmem    0    20000a70    00000800     UNINITIALIZED
                  20000a70    00000010     rtsv7M4_T_le_v4SPD16_eabi.lib : memory.c.obj (.sysmem)
                  20000a80    000007f0     --HOLE--

.bss       0    20001270    00000384     UNINITIALIZED
                  20001270    00000120     rtsv7M4_T_le_v4SPD16_eabi.lib : trgmsg.c.obj (.bss:_CIOBUF_)
                  20001390    00000100     Util.lib : event.obj (.bss:bin_head)
                  20001490    000000a0     (.common:__TI_tmpnams)
                  20001530    00000054              : uart.obj (.bss:buffer$1)
                  20001584    00000014     (.common:buzzer_play_event)
                  20001598    00000014     (.common:check_push_button_event)
                  200015ac    00000014     (.common:read_motion_sensor_event)
                  200015c0    00000010              : event.obj (.bss:bin_head_heap)
                  200015d0    00000010              : pushbutton.obj (.bss:push_button)
                  200015e0    0000000c     (.common:motion_sensor)
                  200015ec    00000008     (.common:parmbuf)

.data      0    200015f4    000001f4     UNINITIALIZED
                  200015f4    000000f0     rtsv7M4_T_le_v4SPD16_eabi.lib : defs.c.obj (.data:_ftable)
                  200016e4    00000078                                   : host_device.c.obj (.data:_device)
                  2000175c    00000050                                   : host_device.c.obj (.data:_stream)
                  200017ac    00000010                                   : defs.c.obj (.data)
                  200017bc    0000000c                                   : exit.c.obj (.data:$O1$$)
                  200017c8    00000008                                   : _lock.c.obj (.data:$O1$$)
                  200017d0    00000008                                   : memory.c.obj (.data:$O1$$)
                  200017d8    00000005     Util.lib : event.obj (.data)
                  200017dd    00000003     lab5_main.obj (.data:sys)
                  200017e0    00000004     Util.lib : pushbutton.obj (.data)
                  200017e4    00000004     rtsv7M4_T_le_v4SPD16_eabi.lib : errno.c.obj (.data)

__llvm_prf_cnts 
*          0    20000000    00000000     UNINITIALIZED

MODULE SUMMARY

       Module                         code    ro data   rw data
       ------                         ----    -------   -------
    .\
       tm4c123gh6pm_startup_ccs.obj   12      620       0      
       lab5_main.obj                  454     0         63     
       motion.obj                     272     0         12     
       buzzer_asm.obj                 44      0         0      
       buzzer.obj                     28      0         0      
       motion_asm.obj                 28      0         0      
    +--+------------------------------+-------+---------+---------+
       Total:                         838     620       75     
                                                               
    C:/Users/aweso/OneDrive/Desktop/ECE 266/LabGroupC1/Util/Util/Debug/Util.lib
       event.obj                      1136    0         277    
       pushbutton.obj                 408     0         20     
       uart.obj                       200     0         84     
       launchpad.obj                  192     0         0      
       led.obj                        132     0         0      
    +--+------------------------------+-------+---------+---------+
       Total:                         2068    0         381    
                                                               
    C:/ti/TivaWare_C_Series-2.2.0.295/driverlib/ccs/Debug/driverlib.lib
       gpio.obj                       764     552       0      
       interrupt.obj                  192     176       620    
       sysctl.obj                     582     108       0      
       uart.obj                       142     0         0      
       systick.obj                    84      0         0      
    +--+------------------------------+-------+---------+---------+
       Total:                         1764    836       620    
                                                               
    C:\ti\ccs1281\ccs\tools\compiler\ti-cgt-arm_20.2.7.LTS\lib\rtsv7M4_T_le_v4SPD16_eabi.lib
       _printfi.c.obj                 4851    0         0      
       memory.c.obj                   672     0         8      
       fd_add_t2.asm.obj              438     0         0      
       defs.c.obj                     0       0         416    
       trgmsg.c.obj                   108     0         288    
       fd_div_t2.asm.obj              310     0         0      
       fputs.c.obj                    276     0         0      
       s_scalbn.c.obj                 272     0         0      
       fd_cmp_t2.asm.obj              268     0         0      
       ctype.c.obj                    0       257       0      
       fd_mul_t2.asm.obj              252     0         0      
       setvbuf.c.obj                  220     0         0      
       fflush.c.obj                   200     0         0      
       host_device.c.obj              0       0         200    
       memcpy_t2.asm.obj              156     0         0      
       ull_div_t2.asm.obj             150     0         0      
       vsnprintf.c.obj                136     0         0      
       memset_t2.asm.obj              122     0         0      
       fclose.c.obj                   116     0         0      
       getdevice.c.obj                116     0         0      
       hostrename.c.obj               108     0         0      
       copy_decompress_lzss.c.obj     104     0         0      
       hostlseek.c.obj                104     0         0      
       hostopen.c.obj                 96      0         8      
       fseek.c.obj                    100     0         0      
       s_frexp.c.obj                  100     0         0      
       _io_perm.c.obj                 98      0         0      
       close.c.obj                    92      0         0      
       exit.c.obj                     76      0         12     
       hostread.c.obj                 88      0         0      
       hostwrite.c.obj                88      0         0      
       _ltoa.c.obj                    84      0         0      
       atoi.c.obj                     76      0         0      
       fd_toi_t2.asm.obj              72      0         0      
       autoinit.c.obj                 68      0         0      
       hostclose.c.obj                68      0         0      
       hostunlink.c.obj               68      0         0      
       strncpy.c.obj                  54      0         0      
       boot_cortex_m.c.obj            52      0         0      
       fopen.c.obj                    52      0         0      
       i_tofd_t2.asm.obj              46      0         0      
       unlink.c.obj                   44      0         0      
       lseek.c.obj                    40      0         0      
       write.c.obj                    40      0         0      
       memchr.c.obj                   32      0         0      
       assert.c.obj                   28      0         0      
       memccpy.c.obj                  28      0         0      
       s_copysign.c.obj               26      0         0      
       strcmp.c.obj                   24      0         0      
       strchr.c.obj                   22      0         0      
       strcpy.c.obj                   20      0         0      
       strlen.c.obj                   20      0         0      
       wcslen.c.obj                   18      0         0      
       copy_decompress_none.c.obj     14      0         0      
       copy_zero_init.c.obj           12      0         0      
       errno.c.obj                    8       0         4      
       _lock.c.obj                    2       0         8      
       pre_init.c.obj                 4       0         0      
       div0.asm.obj                   2       0         0      
    +--+------------------------------+-------+---------+---------+
       Total:                         10741   257       944    
                                                               
       Heap:                          0       0         2048   
       Stack:                         0       0         2048   
       Linker Generated:              0       157       0      
    +--+------------------------------+-------+---------+---------+
       Grand Total:                   15411   1870      6116   


LINKER GENERATED COPY TABLES

__TI_cinit_table @ 00004388 records: 3, size/record: 8, table size: 24
	.data: load addr=00004300, load size=00000069 bytes, run addr=200015f4, run size=000001f4 bytes, compression=lzss
	.bss: load addr=00004378, load size=00000008 bytes, run addr=20001270, run size=00000384 bytes, compression=zero_init
	.vtable: load addr=00004380, load size=00000008 bytes, run addr=20000000, run size=0000026c bytes, compression=zero_init


LINKER GENERATED HANDLER TABLE

__TI_handler_table @ 0000436c records: 3, size/record: 4, table size: 12
	index: 0, handler: __TI_zero_init
	index: 1, handler: __TI_decompress_lzss
	index: 2, handler: __TI_decompress_none


GLOBAL SYMBOLS: SORTED ALPHABETICALLY BY Name 

address   name                           
-------   ----                           
00003c71  BuzzerInit                     
00003b1d  BuzzerOff                      
00003b09  BuzzerOn                       
00001725  BuzzerPlay                     
00003eb1  C$$EXIT                        
00003903  C$$IO$$                        
0000177d  CheckMotionSensor              
000017c3  CheckPushButton                
00000fd5  EventDeschedule                
00001031  EventExecute                   
0000107d  EventGetCurrentTime            
00000ea7  EventInit                      
00003d5d  EventInitialized               
00000efd  EventSchedule                  
00000e2b  EventSchedulerInit             
00003ad7  GPIODirModeSet                 
00003e95  GPIOIntClear                   
00003e4b  GPIOIntEnable                  
00003d15  GPIOIntRegister                
00003341  GPIOIntTypeSet                 
00001a6d  GPIOPadConfigSet               
00003545  GPIOPinConfigure               
00003e9b  GPIOPinRead                    
00003d73  GPIOPinTypeGPIOInput           
00003ce1  GPIOPinTypeGPIOOutput          
00003d89  GPIOPinTypeUART                
00003ea1  GPIOPinWrite                   
00003701  HOSTclose                      
00003021  HOSTlseek                      
00003285  HOSTopen                       
00003399  HOSTread                       
00002fb5  HOSTrename                     
00003745  HOSTunlink                     
000033f1  HOSTwrite                      
00000cbd  HeapifyDownwards               
00000d8d  HeapifyUpwards                 
00003089  IntEnable                      
00003bd5  IntPrioritySet                 
00003945  IntRegister                    
00002961  LaunchPadInit                  
00002ce5  LedInit                        
00002d07  LedTurnOnOff                   
000021dd  MotionSensorEventRegister      
0000219d  MotionSensorInit               
0000193d  PushButtonEventRegister        
000018d5  PushButtonInit                 
00001967  PushButtonRead                 
00001957  PushButtonSetDebouncingDelay   
00002223  ReadMotionSensor               
00003cc9  ReadMotionSensorASM            
00003e63  ResetISR                       
00001f71  SysCtlClockGet                 
000025b9  SysCtlClockSet                 
00003ea7  SysCtlDelay                    
00003979  SysCtlPeripheralEnable         
00003db5  SysTickEnable                  
00003dc9  SysTickIntEnable               
00003c39  SysTickIntRegister             
00003e2d  SysTickPeriodSet               
00003e6f  UARTCharGet                    
00003e79  UARTCharPut                    
000036b9  UARTConfigSetExpClk            
00003bf9  UARTDisable                    
00003ddd  UARTEnable                     
000028b9  UartGetChar                    
0000286d  UartInit                       
000028a7  UartPutChar                    
000028cb  UartPutString                  
00002935  WaitUs                         
20001270  __CIOBUF_                      
20000a70  __STACK_END                    
00000800  __STACK_SIZE                   
20000470  __STACK_TOP                    
00000800  __SYSMEM_SIZE                  
00004388  __TI_CINIT_Base                
000043a0  __TI_CINIT_Limit               
0000436c  __TI_Handler_Table_Base        
00004378  __TI_Handler_Table_Limit       
000037cd  __TI_auto_init_nobinit_nopinit 
000039ad  __TI_cleanup                   
200017bc  __TI_cleanup_ptr               
00002e61  __TI_closefile                 
000030f1  __TI_decompress_lzss           
00003e3d  __TI_decompress_none           
00003591  __TI_doflush                   
200017c0  __TI_dtors_ptr                 
200017c4  __TI_enable_exit_profile_output
200017ac  __TI_ft_end                    
0000349f  __TI_ltoa                      
ffffffff  __TI_pprof_out_hndl            
0000026d  __TI_printfi                   
ffffffff  __TI_prof_data_size            
ffffffff  __TI_prof_data_start           
000039e1  __TI_readmsg                   
00000000  __TI_static_base__             
20001490  __TI_tmpnams                   
000038d5  __TI_writemsg                  
00003221  __TI_wrt_ok                    
00003e57  __TI_zero_init                 
00002bd9  __aeabi_cdcmpeq                
00002bd9  __aeabi_cdcmple                
00002c5f  __aeabi_cdrcmple               
00003671  __aeabi_d2iz                   
00001577  __aeabi_dadd                   
00001d15  __aeabi_ddiv                   
000024bd  __aeabi_dmul                   
0000156d  __aeabi_dsub                   
00003e85  __aeabi_errno_addr             
00003aa9  __aeabi_i2d                    
00001723  __aeabi_idiv0                  
00001723  __aeabi_ldiv0                  
00002de5  __aeabi_memclr                 
00002de5  __aeabi_memclr4                
00002de5  __aeabi_memclr8                
00002aa7  __aeabi_memcpy                 
00002aa7  __aeabi_memcpy4                
00002aa7  __aeabi_memcpy8                
00002de7  __aeabi_memset                 
00002de7  __aeabi_memset4                
00002de7  __aeabi_memset8                
200017b8  __aeabi_stderr                 
200017b0  __aeabi_stdin                  
200017b4  __aeabi_stdout                 
00002b43  __aeabi_uldivmod               
ffffffff  __binit__                      
ffffffff  __c_args__                     
UNDEFED   __mpu_init                     
20000270  __stack                        
20000000  __start___llvm_prf_cnts        
20000000  __stop___llvm_prf_cnts         
00003c55  _abort_msg                     
00003a15  _c_int00_noargs                
00003eb4  _ctypes_                       
200016e4  _device                        
200015f4  _ftable                        
200017c8  _lock                          
00000cbb  _nop                           
2000175c  _stream                        
20000a70  _sys_memory                    
UNDEFED   _system_post_cinit             
00003ead  _system_pre_init               
200017cc  _unlock                        
00003eb1  abort                          
000023bd  aligned_alloc                  
000035dd  atoi                           
ffffffff  binit                          
20001584  buzzer_play_event              
20001598  check_push_button_event        
000032e5  close                          
00003cfb  copysign                       
00003cfb  copysignl                      
200017e4  errno                          
00003629  exit                           
00002d69  fflush                         
00003a79  finddevice                     
00002089  fputs                          
000026ad  free                           
00003159  frexp                          
00003159  frexpl                         
000031bd  fseek                          
20000000  g_pfnRAMVectors                
00000000  g_pfnVectors                   
00003811  getdevice                      
000022ad  ldexp                          
000022ad  ldexpl                         
00003b85  lseek                          
00001819  main                           
00003e8d  malloc                         
000023bd  memalign                       
00003ca9  memccpy                        
00003c19  memchr                         
00002aa7  memcpy                         
00002ded  memset                         
200015e0  motion_sensor                  
200015ec  parmbuf                        
200015ac  read_motion_sensor_event       
00003b31  remove                         
000022ad  scalbn                         
000022ad  scalbnl                        
00002791  setvbuf                        
00003d9f  strchr                         
00003d45  strcmp                         
00003df1  strcpy                         
00003e05  strlen                         
0000390d  strncpy                        
00003b31  unlink                         
000028f7  uprintf                        
00003855  vsnprintf                      
00003e19  wcslen                         
00003bad  write                          


GLOBAL SYMBOLS: SORTED BY Symbol Address 

address   name                           
-------   ----                           
00000000  __TI_static_base__             
00000000  g_pfnVectors                   
0000026d  __TI_printfi                   
00000800  __STACK_SIZE                   
00000800  __SYSMEM_SIZE                  
00000cbb  _nop                           
00000cbd  HeapifyDownwards               
00000d8d  HeapifyUpwards                 
00000e2b  EventSchedulerInit             
00000ea7  EventInit                      
00000efd  EventSchedule                  
00000fd5  EventDeschedule                
00001031  EventExecute                   
0000107d  EventGetCurrentTime            
0000156d  __aeabi_dsub                   
00001577  __aeabi_dadd                   
00001723  __aeabi_idiv0                  
00001723  __aeabi_ldiv0                  
00001725  BuzzerPlay                     
0000177d  CheckMotionSensor              
000017c3  CheckPushButton                
00001819  main                           
000018d5  PushButtonInit                 
0000193d  PushButtonEventRegister        
00001957  PushButtonSetDebouncingDelay   
00001967  PushButtonRead                 
00001a6d  GPIOPadConfigSet               
00001d15  __aeabi_ddiv                   
00001f71  SysCtlClockGet                 
00002089  fputs                          
0000219d  MotionSensorInit               
000021dd  MotionSensorEventRegister      
00002223  ReadMotionSensor               
000022ad  ldexp                          
000022ad  ldexpl                         
000022ad  scalbn                         
000022ad  scalbnl                        
000023bd  aligned_alloc                  
000023bd  memalign                       
000024bd  __aeabi_dmul                   
000025b9  SysCtlClockSet                 
000026ad  free                           
00002791  setvbuf                        
0000286d  UartInit                       
000028a7  UartPutChar                    
000028b9  UartGetChar                    
000028cb  UartPutString                  
000028f7  uprintf                        
00002935  WaitUs                         
00002961  LaunchPadInit                  
00002aa7  __aeabi_memcpy                 
00002aa7  __aeabi_memcpy4                
00002aa7  __aeabi_memcpy8                
00002aa7  memcpy                         
00002b43  __aeabi_uldivmod               
00002bd9  __aeabi_cdcmpeq                
00002bd9  __aeabi_cdcmple                
00002c5f  __aeabi_cdrcmple               
00002ce5  LedInit                        
00002d07  LedTurnOnOff                   
00002d69  fflush                         
00002de5  __aeabi_memclr                 
00002de5  __aeabi_memclr4                
00002de5  __aeabi_memclr8                
00002de7  __aeabi_memset                 
00002de7  __aeabi_memset4                
00002de7  __aeabi_memset8                
00002ded  memset                         
00002e61  __TI_closefile                 
00002fb5  HOSTrename                     
00003021  HOSTlseek                      
00003089  IntEnable                      
000030f1  __TI_decompress_lzss           
00003159  frexp                          
00003159  frexpl                         
000031bd  fseek                          
00003221  __TI_wrt_ok                    
00003285  HOSTopen                       
000032e5  close                          
00003341  GPIOIntTypeSet                 
00003399  HOSTread                       
000033f1  HOSTwrite                      
0000349f  __TI_ltoa                      
00003545  GPIOPinConfigure               
00003591  __TI_doflush                   
000035dd  atoi                           
00003629  exit                           
00003671  __aeabi_d2iz                   
000036b9  UARTConfigSetExpClk            
00003701  HOSTclose                      
00003745  HOSTunlink                     
000037cd  __TI_auto_init_nobinit_nopinit 
00003811  getdevice                      
00003855  vsnprintf                      
000038d5  __TI_writemsg                  
00003903  C$$IO$$                        
0000390d  strncpy                        
00003945  IntRegister                    
00003979  SysCtlPeripheralEnable         
000039ad  __TI_cleanup                   
000039e1  __TI_readmsg                   
00003a15  _c_int00_noargs                
00003a79  finddevice                     
00003aa9  __aeabi_i2d                    
00003ad7  GPIODirModeSet                 
00003b09  BuzzerOn                       
00003b1d  BuzzerOff                      
00003b31  remove                         
00003b31  unlink                         
00003b85  lseek                          
00003bad  write                          
00003bd5  IntPrioritySet                 
00003bf9  UARTDisable                    
00003c19  memchr                         
00003c39  SysTickIntRegister             
00003c55  _abort_msg                     
00003c71  BuzzerInit                     
00003ca9  memccpy                        
00003cc9  ReadMotionSensorASM            
00003ce1  GPIOPinTypeGPIOOutput          
00003cfb  copysign                       
00003cfb  copysignl                      
00003d15  GPIOIntRegister                
00003d45  strcmp                         
00003d5d  EventInitialized               
00003d73  GPIOPinTypeGPIOInput           
00003d89  GPIOPinTypeUART                
00003d9f  strchr                         
00003db5  SysTickEnable                  
00003dc9  SysTickIntEnable               
00003ddd  UARTEnable                     
00003df1  strcpy                         
00003e05  strlen                         
00003e19  wcslen                         
00003e2d  SysTickPeriodSet               
00003e3d  __TI_decompress_none           
00003e4b  GPIOIntEnable                  
00003e57  __TI_zero_init                 
00003e63  ResetISR                       
00003e6f  UARTCharGet                    
00003e79  UARTCharPut                    
00003e85  __aeabi_errno_addr             
00003e8d  malloc                         
00003e95  GPIOIntClear                   
00003e9b  GPIOPinRead                    
00003ea1  GPIOPinWrite                   
00003ea7  SysCtlDelay                    
00003ead  _system_pre_init               
00003eb1  C$$EXIT                        
00003eb1  abort                          
00003eb4  _ctypes_                       
0000436c  __TI_Handler_Table_Base        
00004378  __TI_Handler_Table_Limit       
00004388  __TI_CINIT_Base                
000043a0  __TI_CINIT_Limit               
20000000  __start___llvm_prf_cnts        
20000000  __stop___llvm_prf_cnts         
20000000  g_pfnRAMVectors                
20000270  __stack                        
20000470  __STACK_TOP                    
20000a70  __STACK_END                    
20000a70  _sys_memory                    
20001270  __CIOBUF_                      
20001490  __TI_tmpnams                   
20001584  buzzer_play_event              
20001598  check_push_button_event        
200015ac  read_motion_sensor_event       
200015e0  motion_sensor                  
200015ec  parmbuf                        
200015f4  _ftable                        
200016e4  _device                        
2000175c  _stream                        
200017ac  __TI_ft_end                    
200017b0  __aeabi_stdin                  
200017b4  __aeabi_stdout                 
200017b8  __aeabi_stderr                 
200017bc  __TI_cleanup_ptr               
200017c0  __TI_dtors_ptr                 
200017c4  __TI_enable_exit_profile_output
200017c8  _lock                          
200017cc  _unlock                        
200017e4  errno                          
ffffffff  __TI_pprof_out_hndl            
ffffffff  __TI_prof_data_size            
ffffffff  __TI_prof_data_start           
ffffffff  __binit__                      
ffffffff  __c_args__                     
ffffffff  binit                          
UNDEFED   __mpu_init                     
UNDEFED   _system_post_cinit             

[190 symbols]
