<?xml version="1.0" encoding="ISO-8859-1" ?>
<link_info>
   <banner>TI ARM Linker PC v20.2.7.LTS</banner>
   <copyright>Copyright (c) 1996-2018 Texas Instruments Incorporated</copyright>
   <link_time>0x69ab037c</link_time>
   <link_errors>0x0</link_errors>
   <output_file>Lab5.out</output_file>
   <entry_point>
      <name>_c_int00_noargs</name>
      <address>0x3a15</address>
   </entry_point>
   <input_file_list>
      <input_file id="fl-2">
         <path>.\</path>
         <kind>object</kind>
         <file>buzzer.obj</file>
         <name>buzzer.obj</name>
      </input_file>
      <input_file id="fl-3">
         <path>.\</path>
         <kind>object</kind>
         <file>buzzer_asm.obj</file>
         <name>buzzer_asm.obj</name>
      </input_file>
      <input_file id="fl-4">
         <path>.\</path>
         <kind>object</kind>
         <file>lab5_main.obj</file>
         <name>lab5_main.obj</name>
      </input_file>
      <input_file id="fl-5">
         <path>.\</path>
         <kind>object</kind>
         <file>motion.obj</file>
         <name>motion.obj</name>
      </input_file>
      <input_file id="fl-6">
         <path>.\</path>
         <kind>object</kind>
         <file>motion_asm.obj</file>
         <name>motion_asm.obj</name>
      </input_file>
      <input_file id="fl-7">
         <path>.\</path>
         <kind>object</kind>
         <file>tm4c123gh6pm_startup_ccs.obj</file>
         <name>tm4c123gh6pm_startup_ccs.obj</name>
      </input_file>
      <input_file id="fl-d">
         <kind>object</kind>
         <file>&lt;internal&gt;</file>
         <name>&lt;internal&gt;</name>
      </input_file>
      <input_file id="fl-c3">
         <path>C:\ti\ccs1281\ccs\tools\compiler\ti-cgt-arm_20.2.7.LTS\lib\</path>
         <kind>archive</kind>
         <file>rtsv7M4_T_le_v4SPD16_eabi.lib</file>
         <name>copy_zero_init.c.obj</name>
      </input_file>
      <input_file id="fl-c4">
         <path>C:\ti\ccs1281\ccs\tools\compiler\ti-cgt-arm_20.2.7.LTS\lib\</path>
         <kind>archive</kind>
         <file>rtsv7M4_T_le_v4SPD16_eabi.lib</file>
         <name>copy_decompress_none.c.obj</name>
      </input_file>
      <input_file id="fl-c5">
         <path>C:\ti\ccs1281\ccs\tools\compiler\ti-cgt-arm_20.2.7.LTS\lib\</path>
         <kind>archive</kind>
         <file>rtsv7M4_T_le_v4SPD16_eabi.lib</file>
         <name>copy_decompress_lzss.c.obj</name>
      </input_file>
      <input_file id="fl-c6">
         <path>C:\ti\ccs1281\ccs\tools\compiler\ti-cgt-arm_20.2.7.LTS\lib\</path>
         <kind>archive</kind>
         <file>rtsv7M4_T_le_v4SPD16_eabi.lib</file>
         <name>assert.c.obj</name>
      </input_file>
      <input_file id="fl-c7">
         <path>C:\ti\ccs1281\ccs\tools\compiler\ti-cgt-arm_20.2.7.LTS\lib\</path>
         <kind>archive</kind>
         <file>rtsv7M4_T_le_v4SPD16_eabi.lib</file>
         <name>defs.c.obj</name>
      </input_file>
      <input_file id="fl-c8">
         <path>C:\ti\ccs1281\ccs\tools\compiler\ti-cgt-arm_20.2.7.LTS\lib\</path>
         <kind>archive</kind>
         <file>rtsv7M4_T_le_v4SPD16_eabi.lib</file>
         <name>boot_cortex_m.c.obj</name>
      </input_file>
      <input_file id="fl-c9">
         <path>C:\ti\ccs1281\ccs\tools\compiler\ti-cgt-arm_20.2.7.LTS\lib\</path>
         <kind>archive</kind>
         <file>rtsv7M4_T_le_v4SPD16_eabi.lib</file>
         <name>fflush.c.obj</name>
      </input_file>
      <input_file id="fl-ca">
         <path>C:\ti\ccs1281\ccs\tools\compiler\ti-cgt-arm_20.2.7.LTS\lib\</path>
         <kind>archive</kind>
         <file>rtsv7M4_T_le_v4SPD16_eabi.lib</file>
         <name>fputs.c.obj</name>
      </input_file>
      <input_file id="fl-cb">
         <path>C:\ti\ccs1281\ccs\tools\compiler\ti-cgt-arm_20.2.7.LTS\lib\</path>
         <kind>archive</kind>
         <file>rtsv7M4_T_le_v4SPD16_eabi.lib</file>
         <name>_io_perm.c.obj</name>
      </input_file>
      <input_file id="fl-cc">
         <path>C:\ti\ccs1281\ccs\tools\compiler\ti-cgt-arm_20.2.7.LTS\lib\</path>
         <kind>archive</kind>
         <file>rtsv7M4_T_le_v4SPD16_eabi.lib</file>
         <name>setvbuf.c.obj</name>
      </input_file>
      <input_file id="fl-cd">
         <path>C:\ti\ccs1281\ccs\tools\compiler\ti-cgt-arm_20.2.7.LTS\lib\</path>
         <kind>archive</kind>
         <file>rtsv7M4_T_le_v4SPD16_eabi.lib</file>
         <name>memcpy_t2.asm.obj</name>
      </input_file>
      <input_file id="fl-ce">
         <path>C:\ti\ccs1281\ccs\tools\compiler\ti-cgt-arm_20.2.7.LTS\lib\</path>
         <kind>archive</kind>
         <file>rtsv7M4_T_le_v4SPD16_eabi.lib</file>
         <name>memset_t2.asm.obj</name>
      </input_file>
      <input_file id="fl-cf">
         <path>C:\ti\ccs1281\ccs\tools\compiler\ti-cgt-arm_20.2.7.LTS\lib\</path>
         <kind>archive</kind>
         <file>rtsv7M4_T_le_v4SPD16_eabi.lib</file>
         <name>autoinit.c.obj</name>
      </input_file>
      <input_file id="fl-d0">
         <path>C:\ti\ccs1281\ccs\tools\compiler\ti-cgt-arm_20.2.7.LTS\lib\</path>
         <kind>archive</kind>
         <file>rtsv7M4_T_le_v4SPD16_eabi.lib</file>
         <name>pre_init.c.obj</name>
      </input_file>
      <input_file id="fl-d1">
         <path>C:\ti\ccs1281\ccs\tools\compiler\ti-cgt-arm_20.2.7.LTS\lib\</path>
         <kind>archive</kind>
         <file>rtsv7M4_T_le_v4SPD16_eabi.lib</file>
         <name>cpy_tbl.c.obj</name>
      </input_file>
      <input_file id="fl-d2">
         <path>C:\ti\ccs1281\ccs\tools\compiler\ti-cgt-arm_20.2.7.LTS\lib\</path>
         <kind>archive</kind>
         <file>rtsv7M4_T_le_v4SPD16_eabi.lib</file>
         <name>exit.c.obj</name>
      </input_file>
      <input_file id="fl-d3">
         <path>C:\ti\ccs1281\ccs\tools\compiler\ti-cgt-arm_20.2.7.LTS\lib\</path>
         <kind>archive</kind>
         <file>rtsv7M4_T_le_v4SPD16_eabi.lib</file>
         <name>_lock.c.obj</name>
      </input_file>
      <input_file id="fl-d4">
         <path>C:\ti\ccs1281\ccs\tools\compiler\ti-cgt-arm_20.2.7.LTS\lib\</path>
         <kind>archive</kind>
         <file>rtsv7M4_T_le_v4SPD16_eabi.lib</file>
         <name>args_main.c.obj</name>
      </input_file>
      <input_file id="fl-d5">
         <path>C:\ti\ccs1281\ccs\tools\compiler\ti-cgt-arm_20.2.7.LTS\lib\</path>
         <kind>archive</kind>
         <file>rtsv7M4_T_le_v4SPD16_eabi.lib</file>
         <name>memchr.c.obj</name>
      </input_file>
      <input_file id="fl-d6">
         <path>C:\ti\ccs1281\ccs\tools\compiler\ti-cgt-arm_20.2.7.LTS\lib\</path>
         <kind>archive</kind>
         <file>rtsv7M4_T_le_v4SPD16_eabi.lib</file>
         <name>memory.c.obj</name>
      </input_file>
      <input_file id="fl-d7">
         <path>C:\ti\ccs1281\ccs\tools\compiler\ti-cgt-arm_20.2.7.LTS\lib\</path>
         <kind>archive</kind>
         <file>rtsv7M4_T_le_v4SPD16_eabi.lib</file>
         <name>strlen.c.obj</name>
      </input_file>
      <input_file id="fl-d8">
         <path>C:\ti\ccs1281\ccs\tools\compiler\ti-cgt-arm_20.2.7.LTS\lib\</path>
         <kind>archive</kind>
         <file>rtsv7M4_T_le_v4SPD16_eabi.lib</file>
         <name>write.c.obj</name>
      </input_file>
      <input_file id="fl-d9">
         <path>C:\ti\ccs1281\ccs\tools\compiler\ti-cgt-arm_20.2.7.LTS\lib\</path>
         <kind>archive</kind>
         <file>rtsv7M4_T_le_v4SPD16_eabi.lib</file>
         <name>host_device.c.obj</name>
      </input_file>
      <input_file id="fl-da">
         <path>C:\ti\ccs1281\ccs\tools\compiler\ti-cgt-arm_20.2.7.LTS\lib\</path>
         <kind>archive</kind>
         <file>rtsv7M4_T_le_v4SPD16_eabi.lib</file>
         <name>fopen.c.obj</name>
      </input_file>
      <input_file id="fl-db">
         <path>C:\ti\ccs1281\ccs\tools\compiler\ti-cgt-arm_20.2.7.LTS\lib\</path>
         <kind>archive</kind>
         <file>rtsv7M4_T_le_v4SPD16_eabi.lib</file>
         <name>fseek.c.obj</name>
      </input_file>
      <input_file id="fl-dc">
         <path>C:\ti\ccs1281\ccs\tools\compiler\ti-cgt-arm_20.2.7.LTS\lib\</path>
         <kind>archive</kind>
         <file>rtsv7M4_T_le_v4SPD16_eabi.lib</file>
         <name>hostclose.c.obj</name>
      </input_file>
      <input_file id="fl-dd">
         <path>C:\ti\ccs1281\ccs\tools\compiler\ti-cgt-arm_20.2.7.LTS\lib\</path>
         <kind>archive</kind>
         <file>rtsv7M4_T_le_v4SPD16_eabi.lib</file>
         <name>hostlseek.c.obj</name>
      </input_file>
      <input_file id="fl-de">
         <path>C:\ti\ccs1281\ccs\tools\compiler\ti-cgt-arm_20.2.7.LTS\lib\</path>
         <kind>archive</kind>
         <file>rtsv7M4_T_le_v4SPD16_eabi.lib</file>
         <name>hostopen.c.obj</name>
      </input_file>
      <input_file id="fl-df">
         <path>C:\ti\ccs1281\ccs\tools\compiler\ti-cgt-arm_20.2.7.LTS\lib\</path>
         <kind>archive</kind>
         <file>rtsv7M4_T_le_v4SPD16_eabi.lib</file>
         <name>hostread.c.obj</name>
      </input_file>
      <input_file id="fl-e0">
         <path>C:\ti\ccs1281\ccs\tools\compiler\ti-cgt-arm_20.2.7.LTS\lib\</path>
         <kind>archive</kind>
         <file>rtsv7M4_T_le_v4SPD16_eabi.lib</file>
         <name>hostrename.c.obj</name>
      </input_file>
      <input_file id="fl-e1">
         <path>C:\ti\ccs1281\ccs\tools\compiler\ti-cgt-arm_20.2.7.LTS\lib\</path>
         <kind>archive</kind>
         <file>rtsv7M4_T_le_v4SPD16_eabi.lib</file>
         <name>hostunlink.c.obj</name>
      </input_file>
      <input_file id="fl-e2">
         <path>C:\ti\ccs1281\ccs\tools\compiler\ti-cgt-arm_20.2.7.LTS\lib\</path>
         <kind>archive</kind>
         <file>rtsv7M4_T_le_v4SPD16_eabi.lib</file>
         <name>hostwrite.c.obj</name>
      </input_file>
      <input_file id="fl-e3">
         <path>C:\ti\ccs1281\ccs\tools\compiler\ti-cgt-arm_20.2.7.LTS\lib\</path>
         <kind>archive</kind>
         <file>rtsv7M4_T_le_v4SPD16_eabi.lib</file>
         <name>trgmsg.c.obj</name>
      </input_file>
      <input_file id="fl-e4">
         <path>C:\ti\ccs1281\ccs\tools\compiler\ti-cgt-arm_20.2.7.LTS\lib\</path>
         <kind>archive</kind>
         <file>rtsv7M4_T_le_v4SPD16_eabi.lib</file>
         <name>open.c.obj</name>
      </input_file>
      <input_file id="fl-e5">
         <path>C:\ti\ccs1281\ccs\tools\compiler\ti-cgt-arm_20.2.7.LTS\lib\</path>
         <kind>archive</kind>
         <file>rtsv7M4_T_le_v4SPD16_eabi.lib</file>
         <name>lseek.c.obj</name>
      </input_file>
      <input_file id="fl-e6">
         <path>C:\ti\ccs1281\ccs\tools\compiler\ti-cgt-arm_20.2.7.LTS\lib\</path>
         <kind>archive</kind>
         <file>rtsv7M4_T_le_v4SPD16_eabi.lib</file>
         <name>fclose.c.obj</name>
      </input_file>
      <input_file id="fl-e7">
         <path>C:\ti\ccs1281\ccs\tools\compiler\ti-cgt-arm_20.2.7.LTS\lib\</path>
         <kind>archive</kind>
         <file>rtsv7M4_T_le_v4SPD16_eabi.lib</file>
         <name>getdevice.c.obj</name>
      </input_file>
      <input_file id="fl-e8">
         <path>C:\ti\ccs1281\ccs\tools\compiler\ti-cgt-arm_20.2.7.LTS\lib\</path>
         <kind>archive</kind>
         <file>rtsv7M4_T_le_v4SPD16_eabi.lib</file>
         <name>strchr.c.obj</name>
      </input_file>
      <input_file id="fl-e9">
         <path>C:\ti\ccs1281\ccs\tools\compiler\ti-cgt-arm_20.2.7.LTS\lib\</path>
         <kind>archive</kind>
         <file>rtsv7M4_T_le_v4SPD16_eabi.lib</file>
         <name>strcmp.c.obj</name>
      </input_file>
      <input_file id="fl-ea">
         <path>C:\ti\ccs1281\ccs\tools\compiler\ti-cgt-arm_20.2.7.LTS\lib\</path>
         <kind>archive</kind>
         <file>rtsv7M4_T_le_v4SPD16_eabi.lib</file>
         <name>strcpy.c.obj</name>
      </input_file>
      <input_file id="fl-eb">
         <path>C:\ti\ccs1281\ccs\tools\compiler\ti-cgt-arm_20.2.7.LTS\lib\</path>
         <kind>archive</kind>
         <file>rtsv7M4_T_le_v4SPD16_eabi.lib</file>
         <name>strncpy.c.obj</name>
      </input_file>
      <input_file id="fl-ec">
         <path>C:\ti\ccs1281\ccs\tools\compiler\ti-cgt-arm_20.2.7.LTS\lib\</path>
         <kind>archive</kind>
         <file>rtsv7M4_T_le_v4SPD16_eabi.lib</file>
         <name>remove.c.obj</name>
      </input_file>
      <input_file id="fl-ed">
         <path>C:\ti\ccs1281\ccs\tools\compiler\ti-cgt-arm_20.2.7.LTS\lib\</path>
         <kind>archive</kind>
         <file>rtsv7M4_T_le_v4SPD16_eabi.lib</file>
         <name>close.c.obj</name>
      </input_file>
      <input_file id="fl-ee">
         <path>C:\ti\ccs1281\ccs\tools\compiler\ti-cgt-arm_20.2.7.LTS\lib\</path>
         <kind>archive</kind>
         <file>rtsv7M4_T_le_v4SPD16_eabi.lib</file>
         <name>unlink.c.obj</name>
      </input_file>
      <input_file id="fl-ef">
         <path>C:\ti\TivaWare_C_Series-2.2.0.295\driverlib\ccs\Debug\</path>
         <kind>archive</kind>
         <file>driverlib.lib</file>
         <name>gpio.obj</name>
      </input_file>
      <input_file id="fl-f0">
         <path>C:\ti\TivaWare_C_Series-2.2.0.295\driverlib\ccs\Debug\</path>
         <kind>archive</kind>
         <file>driverlib.lib</file>
         <name>interrupt.obj</name>
      </input_file>
      <input_file id="fl-f1">
         <path>C:\ti\TivaWare_C_Series-2.2.0.295\driverlib\ccs\Debug\</path>
         <kind>archive</kind>
         <file>driverlib.lib</file>
         <name>sysctl.obj</name>
      </input_file>
      <input_file id="fl-f2">
         <path>C:\ti\TivaWare_C_Series-2.2.0.295\driverlib\ccs\Debug\</path>
         <kind>archive</kind>
         <file>driverlib.lib</file>
         <name>cpu.obj</name>
      </input_file>
      <input_file id="fl-f3">
         <path>C:\Users\aweso\OneDrive\Desktop\ECE 266\LabGroupC1\Util\Util\Debug\</path>
         <kind>archive</kind>
         <file>Util.lib</file>
         <name>event.obj</name>
      </input_file>
      <input_file id="fl-f4">
         <path>C:\Users\aweso\OneDrive\Desktop\ECE 266\LabGroupC1\Util\Util\Debug\</path>
         <kind>archive</kind>
         <file>Util.lib</file>
         <name>launchpad.obj</name>
      </input_file>
      <input_file id="fl-f5">
         <path>C:\Users\aweso\OneDrive\Desktop\ECE 266\LabGroupC1\Util\Util\Debug\</path>
         <kind>archive</kind>
         <file>Util.lib</file>
         <name>led.obj</name>
      </input_file>
      <input_file id="fl-f6">
         <path>C:\Users\aweso\OneDrive\Desktop\ECE 266\LabGroupC1\Util\Util\Debug\</path>
         <kind>archive</kind>
         <file>Util.lib</file>
         <name>pushbutton.obj</name>
      </input_file>
      <input_file id="fl-f7">
         <path>C:\Users\aweso\OneDrive\Desktop\ECE 266\LabGroupC1\Util\Util\Debug\</path>
         <kind>archive</kind>
         <file>Util.lib</file>
         <name>uart.obj</name>
      </input_file>
      <input_file id="fl-f8">
         <path>C:\ti\ccs1281\ccs\tools\compiler\ti-cgt-arm_20.2.7.LTS\lib\</path>
         <kind>archive</kind>
         <file>rtsv7M4_T_le_v4SPD16_eabi.lib</file>
         <name>vsnprintf.c.obj</name>
      </input_file>
      <input_file id="fl-f9">
         <path>C:\ti\ccs1281\ccs\tools\compiler\ti-cgt-arm_20.2.7.LTS\lib\</path>
         <kind>archive</kind>
         <file>rtsv7M4_T_le_v4SPD16_eabi.lib</file>
         <name>ull_div_t2.asm.obj</name>
      </input_file>
      <input_file id="fl-fa">
         <path>C:\ti\ccs1281\ccs\tools\compiler\ti-cgt-arm_20.2.7.LTS\lib\</path>
         <kind>archive</kind>
         <file>rtsv7M4_T_le_v4SPD16_eabi.lib</file>
         <name>_printfi.c.obj</name>
      </input_file>
      <input_file id="fl-fb">
         <path>C:\ti\ccs1281\ccs\tools\compiler\ti-cgt-arm_20.2.7.LTS\lib\</path>
         <kind>archive</kind>
         <file>rtsv7M4_T_le_v4SPD16_eabi.lib</file>
         <name>div0.asm.obj</name>
      </input_file>
      <input_file id="fl-fc">
         <path>C:\ti\ccs1281\ccs\tools\compiler\ti-cgt-arm_20.2.7.LTS\lib\</path>
         <kind>archive</kind>
         <file>rtsv7M4_T_le_v4SPD16_eabi.lib</file>
         <name>fd_add_t2.asm.obj</name>
      </input_file>
      <input_file id="fl-fd">
         <path>C:\ti\ccs1281\ccs\tools\compiler\ti-cgt-arm_20.2.7.LTS\lib\</path>
         <kind>archive</kind>
         <file>rtsv7M4_T_le_v4SPD16_eabi.lib</file>
         <name>fd_cmp_t2.asm.obj</name>
      </input_file>
      <input_file id="fl-fe">
         <path>C:\ti\ccs1281\ccs\tools\compiler\ti-cgt-arm_20.2.7.LTS\lib\</path>
         <kind>archive</kind>
         <file>rtsv7M4_T_le_v4SPD16_eabi.lib</file>
         <name>fd_div_t2.asm.obj</name>
      </input_file>
      <input_file id="fl-ff">
         <path>C:\ti\ccs1281\ccs\tools\compiler\ti-cgt-arm_20.2.7.LTS\lib\</path>
         <kind>archive</kind>
         <file>rtsv7M4_T_le_v4SPD16_eabi.lib</file>
         <name>fd_mul_t2.asm.obj</name>
      </input_file>
      <input_file id="fl-100">
         <path>C:\ti\ccs1281\ccs\tools\compiler\ti-cgt-arm_20.2.7.LTS\lib\</path>
         <kind>archive</kind>
         <file>rtsv7M4_T_le_v4SPD16_eabi.lib</file>
         <name>fd_toi_t2.asm.obj</name>
      </input_file>
      <input_file id="fl-101">
         <path>C:\ti\ccs1281\ccs\tools\compiler\ti-cgt-arm_20.2.7.LTS\lib\</path>
         <kind>archive</kind>
         <file>rtsv7M4_T_le_v4SPD16_eabi.lib</file>
         <name>i_tofd_t2.asm.obj</name>
      </input_file>
      <input_file id="fl-102">
         <path>C:\ti\ccs1281\ccs\tools\compiler\ti-cgt-arm_20.2.7.LTS\lib\</path>
         <kind>archive</kind>
         <file>rtsv7M4_T_le_v4SPD16_eabi.lib</file>
         <name>_ltoa.c.obj</name>
      </input_file>
      <input_file id="fl-103">
         <path>C:\ti\ccs1281\ccs\tools\compiler\ti-cgt-arm_20.2.7.LTS\lib\</path>
         <kind>archive</kind>
         <file>rtsv7M4_T_le_v4SPD16_eabi.lib</file>
         <name>atoi.c.obj</name>
      </input_file>
      <input_file id="fl-104">
         <path>C:\ti\ccs1281\ccs\tools\compiler\ti-cgt-arm_20.2.7.LTS\lib\</path>
         <kind>archive</kind>
         <file>rtsv7M4_T_le_v4SPD16_eabi.lib</file>
         <name>ctype.c.obj</name>
      </input_file>
      <input_file id="fl-105">
         <path>C:\ti\ccs1281\ccs\tools\compiler\ti-cgt-arm_20.2.7.LTS\lib\</path>
         <kind>archive</kind>
         <file>rtsv7M4_T_le_v4SPD16_eabi.lib</file>
         <name>memccpy.c.obj</name>
      </input_file>
      <input_file id="fl-106">
         <path>C:\ti\ccs1281\ccs\tools\compiler\ti-cgt-arm_20.2.7.LTS\lib\</path>
         <kind>archive</kind>
         <file>rtsv7M4_T_le_v4SPD16_eabi.lib</file>
         <name>errno.c.obj</name>
      </input_file>
      <input_file id="fl-107">
         <path>C:\ti\ccs1281\ccs\tools\compiler\ti-cgt-arm_20.2.7.LTS\lib\</path>
         <kind>archive</kind>
         <file>rtsv7M4_T_le_v4SPD16_eabi.lib</file>
         <name>wcslen.c.obj</name>
      </input_file>
      <input_file id="fl-108">
         <path>C:\ti\ccs1281\ccs\tools\compiler\ti-cgt-arm_20.2.7.LTS\lib\</path>
         <kind>archive</kind>
         <file>rtsv7M4_T_le_v4SPD16_eabi.lib</file>
         <name>s_frexp.c.obj</name>
      </input_file>
      <input_file id="fl-109">
         <path>C:\ti\ccs1281\ccs\tools\compiler\ti-cgt-arm_20.2.7.LTS\lib\</path>
         <kind>archive</kind>
         <file>rtsv7M4_T_le_v4SPD16_eabi.lib</file>
         <name>s_scalbn.c.obj</name>
      </input_file>
      <input_file id="fl-10a">
         <path>C:\ti\ccs1281\ccs\tools\compiler\ti-cgt-arm_20.2.7.LTS\lib\</path>
         <kind>archive</kind>
         <file>rtsv7M4_T_le_v4SPD16_eabi.lib</file>
         <name>s_copysign.c.obj</name>
      </input_file>
      <input_file id="fl-10b">
         <path>C:\ti\TivaWare_C_Series-2.2.0.295\driverlib\ccs\Debug\</path>
         <kind>archive</kind>
         <file>driverlib.lib</file>
         <name>systick.obj</name>
      </input_file>
      <input_file id="fl-10c">
         <path>C:\ti\TivaWare_C_Series-2.2.0.295\driverlib\ccs\Debug\</path>
         <kind>archive</kind>
         <file>driverlib.lib</file>
         <name>uart.obj</name>
      </input_file>
   </input_file_list>
   <object_component_list>
      <object_component id="oc-12">
         <name>.intvecs</name>
         <load_address>0x0</load_address>
         <run_address>0x0</run_address>
         <size>0x26c</size>
         <input_file_ref idref="fl-7"/>
      </object_component>
      <object_component id="oc-2b9">
         <name>.text:__TI_printfi</name>
         <load_address>0x26c</load_address>
         <run_address>0x26c</run_address>
         <size>0xa4e</size>
         <input_file_ref idref="fl-fa"/>
      </object_component>
      <object_component id="oc-2f2">
         <name>.text:_nop</name>
         <load_address>0xcba</load_address>
         <run_address>0xcba</run_address>
         <size>0x2</size>
         <input_file_ref idref="fl-d3"/>
      </object_component>
      <object_component id="oc-db">
         <name>.text</name>
         <load_address>0xcbc</load_address>
         <run_address>0xcbc</run_address>
         <size>0x470</size>
         <input_file_ref idref="fl-f3"/>
      </object_component>
      <object_component id="oc-399">
         <name>.text:_pconv_a</name>
         <load_address>0x112c</load_address>
         <run_address>0x112c</run_address>
         <size>0x270</size>
         <input_file_ref idref="fl-fa"/>
      </object_component>
      <object_component id="oc-387">
         <name>.text:_pconv_g</name>
         <load_address>0x139c</load_address>
         <run_address>0x139c</run_address>
         <size>0x1d0</size>
         <input_file_ref idref="fl-fa"/>
      </object_component>
      <object_component id="oc-41f">
         <name>.text</name>
         <load_address>0x156c</load_address>
         <run_address>0x156c</run_address>
         <size>0x1b6</size>
         <input_file_ref idref="fl-fc"/>
      </object_component>
      <object_component id="oc-2e9">
         <name>.text</name>
         <load_address>0x1722</load_address>
         <run_address>0x1722</run_address>
         <size>0x2</size>
         <input_file_ref idref="fl-fb"/>
      </object_component>
      <object_component id="oc-a2">
         <name>.text</name>
         <load_address>0x1724</load_address>
         <run_address>0x1724</run_address>
         <size>0x1b0</size>
         <input_file_ref idref="fl-4"/>
      </object_component>
      <object_component id="oc-f3">
         <name>.text</name>
         <load_address>0x18d4</load_address>
         <run_address>0x18d4</run_address>
         <size>0x198</size>
         <input_file_ref idref="fl-f6"/>
      </object_component>
      <object_component id="oc-201">
         <name>.text:GPIOPadConfigSet</name>
         <load_address>0x1a6c</load_address>
         <run_address>0x1a6c</run_address>
         <size>0x16c</size>
         <input_file_ref idref="fl-ef"/>
      </object_component>
      <object_component id="oc-393">
         <name>.text:_pconv_e</name>
         <load_address>0x1bd8</load_address>
         <run_address>0x1bd8</run_address>
         <size>0x13c</size>
         <input_file_ref idref="fl-fa"/>
      </object_component>
      <object_component id="oc-405">
         <name>.text</name>
         <load_address>0x1d14</load_address>
         <run_address>0x1d14</run_address>
         <size>0x136</size>
         <input_file_ref idref="fl-fe"/>
      </object_component>
      <object_component id="oc-431">
         <name>.text:fcvt</name>
         <load_address>0x1e4c</load_address>
         <run_address>0x1e4c</run_address>
         <size>0x124</size>
         <input_file_ref idref="fl-fa"/>
      </object_component>
      <object_component id="oc-15a">
         <name>.text:SysCtlClockGet</name>
         <load_address>0x1f70</load_address>
         <run_address>0x1f70</run_address>
         <size>0x118</size>
         <input_file_ref idref="fl-f1"/>
      </object_component>
      <object_component id="oc-263">
         <name>.text:fputs</name>
         <load_address>0x2088</load_address>
         <run_address>0x2088</run_address>
         <size>0x114</size>
         <input_file_ref idref="fl-ca"/>
      </object_component>
      <object_component id="oc-e1">
         <name>.text</name>
         <load_address>0x219c</load_address>
         <run_address>0x219c</run_address>
         <size>0x110</size>
         <input_file_ref idref="fl-5"/>
      </object_component>
      <object_component id="oc-445">
         <name>.text:scalbn</name>
         <load_address>0x22ac</load_address>
         <run_address>0x22ac</run_address>
         <size>0x110</size>
         <input_file_ref idref="fl-109"/>
      </object_component>
      <object_component id="oc-4ea">
         <name>.text:aligned_alloc</name>
         <load_address>0x23bc</load_address>
         <run_address>0x23bc</run_address>
         <size>0x100</size>
         <input_file_ref idref="fl-d6"/>
      </object_component>
      <object_component id="oc-400">
         <name>.text</name>
         <load_address>0x24bc</load_address>
         <run_address>0x24bc</run_address>
         <size>0xfc</size>
         <input_file_ref idref="fl-ff"/>
      </object_component>
      <object_component id="oc-213">
         <name>.text:SysCtlClockSet</name>
         <load_address>0x25b8</load_address>
         <run_address>0x25b8</run_address>
         <size>0xf4</size>
         <input_file_ref idref="fl-f1"/>
      </object_component>
      <object_component id="oc-474">
         <name>.text:free</name>
         <load_address>0x26ac</load_address>
         <run_address>0x26ac</run_address>
         <size>0xe4</size>
         <input_file_ref idref="fl-d6"/>
      </object_component>
      <object_component id="oc-3d9">
         <name>.text:setvbuf</name>
         <load_address>0x2790</load_address>
         <run_address>0x2790</run_address>
         <size>0xdc</size>
         <input_file_ref idref="fl-cc"/>
      </object_component>
      <object_component id="oc-e7">
         <name>.text</name>
         <load_address>0x286c</load_address>
         <run_address>0x286c</run_address>
         <size>0xc8</size>
         <input_file_ref idref="fl-f7"/>
      </object_component>
      <object_component id="oc-f9">
         <name>.text</name>
         <load_address>0x2934</load_address>
         <run_address>0x2934</run_address>
         <size>0xc0</size>
         <input_file_ref idref="fl-f4"/>
      </object_component>
      <object_component id="oc-37c">
         <name>.text:_ltostr</name>
         <load_address>0x29f4</load_address>
         <run_address>0x29f4</run_address>
         <size>0xb1</size>
         <input_file_ref idref="fl-fa"/>
      </object_component>
      <object_component id="oc-3e">
         <name>.text</name>
         <load_address>0x2aa6</load_address>
         <run_address>0x2aa6</run_address>
         <size>0x9c</size>
         <input_file_ref idref="fl-cd"/>
      </object_component>
      <object_component id="oc-20d">
         <name>.text</name>
         <load_address>0x2b42</load_address>
         <run_address>0x2b42</run_address>
         <size>0x96</size>
         <input_file_ref idref="fl-f9"/>
      </object_component>
      <object_component id="oc-382">
         <name>.text:__aeabi_cdcmple</name>
         <load_address>0x2bd8</load_address>
         <run_address>0x2bd8</run_address>
         <size>0x86</size>
         <input_file_ref idref="fl-fd"/>
      </object_component>
      <object_component id="oc-40a">
         <name>.text:__aeabi_cdrcmple</name>
         <load_address>0x2c5e</load_address>
         <run_address>0x2c5e</run_address>
         <size>0x86</size>
         <input_file_ref idref="fl-fd"/>
      </object_component>
      <object_component id="oc-ed">
         <name>.text</name>
         <load_address>0x2ce4</load_address>
         <run_address>0x2ce4</run_address>
         <size>0x84</size>
         <input_file_ref idref="fl-f5"/>
      </object_component>
      <object_component id="oc-269">
         <name>.text:fflush</name>
         <load_address>0x2d68</load_address>
         <run_address>0x2d68</run_address>
         <size>0x7c</size>
         <input_file_ref idref="fl-c9"/>
      </object_component>
      <object_component id="oc-96">
         <name>.text</name>
         <load_address>0x2de4</load_address>
         <run_address>0x2de4</run_address>
         <size>0x7a</size>
         <input_file_ref idref="fl-ce"/>
      </object_component>
      <object_component id="oc-4f1">
         <name>.text:__TI_closefile</name>
         <load_address>0x2e60</load_address>
         <run_address>0x2e60</run_address>
         <size>0x74</size>
         <input_file_ref idref="fl-e6"/>
      </object_component>
      <object_component id="oc-53f">
         <name>.text:split</name>
         <load_address>0x2ed4</load_address>
         <run_address>0x2ed4</run_address>
         <size>0x70</size>
         <input_file_ref idref="fl-d6"/>
      </object_component>
      <object_component id="oc-42a">
         <name>.text:_mcpy</name>
         <load_address>0x2f44</load_address>
         <run_address>0x2f44</run_address>
         <size>0x6e</size>
         <input_file_ref idref="fl-fa"/>
      </object_component>
      <object_component id="oc-51e">
         <name>.text:HOSTrename</name>
         <load_address>0x2fb4</load_address>
         <run_address>0x2fb4</run_address>
         <size>0x6c</size>
         <input_file_ref idref="fl-e0"/>
      </object_component>
      <object_component id="oc-512">
         <name>.text:HOSTlseek</name>
         <load_address>0x3020</load_address>
         <run_address>0x3020</run_address>
         <size>0x68</size>
         <input_file_ref idref="fl-dd"/>
      </object_component>
      <object_component id="oc-28c">
         <name>.text:IntEnable</name>
         <load_address>0x3088</load_address>
         <run_address>0x3088</run_address>
         <size>0x68</size>
         <input_file_ref idref="fl-f0"/>
      </object_component>
      <object_component id="oc-15">
         <name>.text:decompress:lzss:__TI_decompress_lzss</name>
         <load_address>0x30f0</load_address>
         <run_address>0x30f0</run_address>
         <size>0x68</size>
         <input_file_ref idref="fl-c5"/>
      </object_component>
      <object_component id="oc-43f">
         <name>.text:frexp</name>
         <load_address>0x3158</load_address>
         <run_address>0x3158</run_address>
         <size>0x64</size>
         <input_file_ref idref="fl-108"/>
      </object_component>
      <object_component id="oc-3d3">
         <name>.text:fseek</name>
         <load_address>0x31bc</load_address>
         <run_address>0x31bc</run_address>
         <size>0x64</size>
         <input_file_ref idref="fl-db"/>
      </object_component>
      <object_component id="oc-325">
         <name>.text:__TI_wrt_ok</name>
         <load_address>0x3220</load_address>
         <run_address>0x3220</run_address>
         <size>0x62</size>
         <input_file_ref idref="fl-cb"/>
      </object_component>
      <object_component id="oc-4fa">
         <name>.text:HOSTopen</name>
         <load_address>0x3284</load_address>
         <run_address>0x3284</run_address>
         <size>0x60</size>
         <input_file_ref idref="fl-de"/>
      </object_component>
      <object_component id="oc-546">
         <name>.text:close</name>
         <load_address>0x32e4</load_address>
         <run_address>0x32e4</run_address>
         <size>0x5c</size>
         <input_file_ref idref="fl-ed"/>
      </object_component>
      <object_component id="oc-1a0">
         <name>.text:GPIOIntTypeSet</name>
         <load_address>0x3340</load_address>
         <run_address>0x3340</run_address>
         <size>0x58</size>
         <input_file_ref idref="fl-ef"/>
      </object_component>
      <object_component id="oc-506">
         <name>.text:HOSTread</name>
         <load_address>0x3398</load_address>
         <run_address>0x3398</run_address>
         <size>0x58</size>
         <input_file_ref idref="fl-df"/>
      </object_component>
      <object_component id="oc-50c">
         <name>.text:HOSTwrite</name>
         <load_address>0x33f0</load_address>
         <run_address>0x33f0</run_address>
         <size>0x58</size>
         <input_file_ref idref="fl-e2"/>
      </object_component>
      <object_component id="oc-38d">
         <name>.text:_pconv_f</name>
         <load_address>0x3448</load_address>
         <run_address>0x3448</run_address>
         <size>0x56</size>
         <input_file_ref idref="fl-fa"/>
      </object_component>
      <object_component id="oc-414">
         <name>.text:__TI_ltoa</name>
         <load_address>0x349e</load_address>
         <run_address>0x349e</run_address>
         <size>0x54</size>
         <input_file_ref idref="fl-102"/>
      </object_component>
      <object_component id="oc-424">
         <name>.text:_ecpy</name>
         <load_address>0x34f2</load_address>
         <run_address>0x34f2</run_address>
         <size>0x52</size>
         <input_file_ref idref="fl-fa"/>
      </object_component>
      <object_component id="oc-1ce">
         <name>.text:GPIOPinConfigure</name>
         <load_address>0x3544</load_address>
         <run_address>0x3544</run_address>
         <size>0x4c</size>
         <input_file_ref idref="fl-ef"/>
      </object_component>
      <object_component id="oc-337">
         <name>.text:__TI_doflush</name>
         <load_address>0x3590</load_address>
         <run_address>0x3590</run_address>
         <size>0x4c</size>
         <input_file_ref idref="fl-c9"/>
      </object_component>
      <object_component id="oc-376">
         <name>.text:atoi</name>
         <load_address>0x35dc</load_address>
         <run_address>0x35dc</run_address>
         <size>0x4c</size>
         <input_file_ref idref="fl-103"/>
      </object_component>
      <object_component id="oc-119">
         <name>.text:exit</name>
         <load_address>0x3628</load_address>
         <run_address>0x3628</run_address>
         <size>0x48</size>
         <input_file_ref idref="fl-d2"/>
      </object_component>
      <object_component id="oc-40f">
         <name>.text</name>
         <load_address>0x3670</load_address>
         <run_address>0x3670</run_address>
         <size>0x48</size>
         <input_file_ref idref="fl-100"/>
      </object_component>
      <object_component id="oc-1da">
         <name>.text:UARTConfigSetExpClk</name>
         <load_address>0x36b8</load_address>
         <run_address>0x36b8</run_address>
         <size>0x46</size>
         <input_file_ref idref="fl-10c"/>
      </object_component>
      <object_component id="oc-500">
         <name>.text:HOSTclose</name>
         <load_address>0x3700</load_address>
         <run_address>0x3700</run_address>
         <size>0x44</size>
         <input_file_ref idref="fl-dc"/>
      </object_component>
      <object_component id="oc-518">
         <name>.text:HOSTunlink</name>
         <load_address>0x3744</load_address>
         <run_address>0x3744</run_address>
         <size>0x44</size>
         <input_file_ref idref="fl-e1"/>
      </object_component>
      <object_component id="oc-286">
         <name>.text:_GPIOIntNumberGet</name>
         <load_address>0x3788</load_address>
         <run_address>0x3788</run_address>
         <size>0x44</size>
         <input_file_ref idref="fl-ef"/>
      </object_component>
      <object_component id="oc-11f">
         <name>.text:__TI_auto_init_nobinit_nopinit:__TI_auto_init_nobinit_nopinit</name>
         <load_address>0x37cc</load_address>
         <run_address>0x37cc</run_address>
         <size>0x44</size>
         <input_file_ref idref="fl-cf"/>
      </object_component>
      <object_component id="oc-57c">
         <name>.text:getdevice</name>
         <load_address>0x3810</load_address>
         <run_address>0x3810</run_address>
         <size>0x44</size>
         <input_file_ref idref="fl-e7"/>
      </object_component>
      <object_component id="oc-1ec">
         <name>.text:vsnprintf</name>
         <load_address>0x3854</load_address>
         <run_address>0x3854</run_address>
         <size>0x40</size>
         <input_file_ref idref="fl-f8"/>
      </object_component>
      <object_component id="oc-437">
         <name>.text:_fcpy</name>
         <load_address>0x3894</load_address>
         <run_address>0x3894</run_address>
         <size>0x3e</size>
         <input_file_ref idref="fl-fa"/>
      </object_component>
      <object_component id="oc-555">
         <name>.text:__TI_writemsg</name>
         <load_address>0x38d4</load_address>
         <run_address>0x38d4</run_address>
         <size>0x38</size>
         <input_file_ref idref="fl-e3"/>
      </object_component>
      <object_component id="oc-59e">
         <name>.text:strncpy</name>
         <load_address>0x390c</load_address>
         <run_address>0x390c</run_address>
         <size>0x36</size>
         <input_file_ref idref="fl-eb"/>
      </object_component>
      <object_component id="oc-256">
         <name>.text:IntRegister</name>
         <load_address>0x3944</load_address>
         <run_address>0x3944</run_address>
         <size>0x34</size>
         <input_file_ref idref="fl-f0"/>
      </object_component>
      <object_component id="oc-18e">
         <name>.text:SysCtlPeripheralEnable</name>
         <load_address>0x3978</load_address>
         <run_address>0x3978</run_address>
         <size>0x34</size>
         <input_file_ref idref="fl-f1"/>
      </object_component>
      <object_component id="oc-480">
         <name>.text:__TI_cleanup</name>
         <load_address>0x39ac</load_address>
         <run_address>0x39ac</run_address>
         <size>0x34</size>
         <input_file_ref idref="fl-da"/>
      </object_component>
      <object_component id="oc-55b">
         <name>.text:__TI_readmsg</name>
         <load_address>0x39e0</load_address>
         <run_address>0x39e0</run_address>
         <size>0x34</size>
         <input_file_ref idref="fl-e3"/>
      </object_component>
      <object_component id="oc-5c">
         <name>.text:_c_int00_noargs:_c_int00_noargs</name>
         <load_address>0x3a14</load_address>
         <run_address>0x3a14</run_address>
         <size>0x34</size>
         <input_file_ref idref="fl-c8"/>
      </object_component>
      <object_component id="oc-2bf">
         <name>.text:_outs</name>
         <load_address>0x3a48</load_address>
         <run_address>0x3a48</run_address>
         <size>0x30</size>
         <input_file_ref idref="fl-f8"/>
      </object_component>
      <object_component id="oc-5a4">
         <name>.text:finddevice</name>
         <load_address>0x3a78</load_address>
         <run_address>0x3a78</run_address>
         <size>0x30</size>
         <input_file_ref idref="fl-e7"/>
      </object_component>
      <object_component id="oc-41a">
         <name>.text</name>
         <load_address>0x3aa8</load_address>
         <run_address>0x3aa8</run_address>
         <size>0x2e</size>
         <input_file_ref idref="fl-101"/>
      </object_component>
      <object_component id="oc-27f">
         <name>.text:GPIODirModeSet</name>
         <load_address>0x3ad6</load_address>
         <run_address>0x3ad6</run_address>
         <size>0x2c</size>
         <input_file_ref idref="fl-ef"/>
      </object_component>
      <object_component id="oc-d6">
         <name>.text</name>
         <load_address>0x3b04</load_address>
         <run_address>0x3b04</run_address>
         <size>0x2c</size>
         <input_file_ref idref="fl-3"/>
      </object_component>
      <object_component id="oc-54c">
         <name>.text:unlink</name>
         <load_address>0x3b30</load_address>
         <run_address>0x3b30</run_address>
         <size>0x2c</size>
         <input_file_ref idref="fl-ee"/>
      </object_component>
      <object_component id="oc-4e3">
         <name>.text:free_list_insert</name>
         <load_address>0x3b5c</load_address>
         <run_address>0x3b5c</run_address>
         <size>0x28</size>
         <input_file_ref idref="fl-d6"/>
      </object_component>
      <object_component id="oc-46c">
         <name>.text:lseek</name>
         <load_address>0x3b84</load_address>
         <run_address>0x3b84</run_address>
         <size>0x28</size>
         <input_file_ref idref="fl-e5"/>
      </object_component>
      <object_component id="oc-33d">
         <name>.text:write</name>
         <load_address>0x3bac</load_address>
         <run_address>0x3bac</run_address>
         <size>0x28</size>
         <input_file_ref idref="fl-d8"/>
      </object_component>
      <object_component id="oc-1a6">
         <name>.text:IntPrioritySet</name>
         <load_address>0x3bd4</load_address>
         <run_address>0x3bd4</run_address>
         <size>0x24</size>
         <input_file_ref idref="fl-f0"/>
      </object_component>
      <object_component id="oc-2a9">
         <name>.text:UARTDisable</name>
         <load_address>0x3bf8</load_address>
         <run_address>0x3bf8</run_address>
         <size>0x20</size>
         <input_file_ref idref="fl-10c"/>
      </object_component>
      <object_component id="oc-331">
         <name>.text:memchr</name>
         <load_address>0x3c18</load_address>
         <run_address>0x3c18</run_address>
         <size>0x20</size>
         <input_file_ref idref="fl-d5"/>
      </object_component>
      <object_component id="oc-166">
         <name>.text:SysTickIntRegister</name>
         <load_address>0x3c38</load_address>
         <run_address>0x3c38</run_address>
         <size>0x1c</size>
         <input_file_ref idref="fl-10b"/>
      </object_component>
      <object_component id="oc-17e">
         <name>.text:_abort_msg</name>
         <load_address>0x3c54</load_address>
         <run_address>0x3c54</run_address>
         <size>0x1c</size>
         <input_file_ref idref="fl-c6"/>
      </object_component>
      <object_component id="oc-ff">
         <name>.text</name>
         <load_address>0x3c70</load_address>
         <run_address>0x3c70</run_address>
         <size>0x1c</size>
         <input_file_ref idref="fl-2"/>
      </object_component>
      <object_component id="oc-4dd">
         <name>.text:free_list_remove</name>
         <load_address>0x3c8c</load_address>
         <run_address>0x3c8c</run_address>
         <size>0x1c</size>
         <input_file_ref idref="fl-d6"/>
      </object_component>
      <object_component id="oc-39f">
         <name>.text:memccpy</name>
         <load_address>0x3ca8</load_address>
         <run_address>0x3ca8</run_address>
         <size>0x1c</size>
         <input_file_ref idref="fl-105"/>
      </object_component>
      <object_component id="oc-1c5">
         <name>.text</name>
         <load_address>0x3cc4</load_address>
         <run_address>0x3cc4</run_address>
         <size>0x1c</size>
         <input_file_ref idref="fl-6"/>
      </object_component>
      <object_component id="oc-1fa">
         <name>.text:GPIOPinTypeGPIOOutput</name>
         <load_address>0x3ce0</load_address>
         <run_address>0x3ce0</run_address>
         <size>0x1a</size>
         <input_file_ref idref="fl-ef"/>
      </object_component>
      <object_component id="oc-4bd">
         <name>.text:copysign</name>
         <load_address>0x3cfa</load_address>
         <run_address>0x3cfa</run_address>
         <size>0x1a</size>
         <input_file_ref idref="fl-10a"/>
      </object_component>
      <object_component id="oc-19a">
         <name>.text:GPIOIntRegister</name>
         <load_address>0x3d14</load_address>
         <run_address>0x3d14</run_address>
         <size>0x18</size>
         <input_file_ref idref="fl-ef"/>
      </object_component>
      <object_component id="oc-2c5">
         <name>.text:_outc</name>
         <load_address>0x3d2c</load_address>
         <run_address>0x3d2c</run_address>
         <size>0x18</size>
         <input_file_ref idref="fl-f8"/>
      </object_component>
      <object_component id="oc-5bb">
         <name>.text:strcmp</name>
         <load_address>0x3d44</load_address>
         <run_address>0x3d44</run_address>
         <size>0x18</size>
         <input_file_ref idref="fl-e9"/>
      </object_component>
      <object_component id="oc-1b2">
         <name>.text:EventInitialized</name>
         <load_address>0x3d5c</load_address>
         <run_address>0x3d5c</run_address>
         <size>0x16</size>
         <input_file_ref idref="fl-4"/>
      </object_component>
      <object_component id="oc-194">
         <name>.text:GPIOPinTypeGPIOInput</name>
         <load_address>0x3d72</load_address>
         <run_address>0x3d72</run_address>
         <size>0x16</size>
         <input_file_ref idref="fl-ef"/>
      </object_component>
      <object_component id="oc-1d4">
         <name>.text:GPIOPinTypeUART</name>
         <load_address>0x3d88</load_address>
         <run_address>0x3d88</run_address>
         <size>0x16</size>
         <input_file_ref idref="fl-ef"/>
      </object_component>
      <object_component id="oc-44b">
         <name>.text:strchr</name>
         <load_address>0x3d9e</load_address>
         <run_address>0x3d9e</run_address>
         <size>0x16</size>
         <input_file_ref idref="fl-e8"/>
      </object_component>
      <object_component id="oc-172">
         <name>.text:SysTickEnable</name>
         <load_address>0x3db4</load_address>
         <run_address>0x3db4</run_address>
         <size>0x14</size>
         <input_file_ref idref="fl-10b"/>
      </object_component>
      <object_component id="oc-16c">
         <name>.text:SysTickIntEnable</name>
         <load_address>0x3dc8</load_address>
         <run_address>0x3dc8</run_address>
         <size>0x14</size>
         <input_file_ref idref="fl-10b"/>
      </object_component>
      <object_component id="oc-2af">
         <name>.text:UARTEnable</name>
         <load_address>0x3ddc</load_address>
         <run_address>0x3ddc</run_address>
         <size>0x14</size>
         <input_file_ref idref="fl-10c"/>
      </object_component>
      <object_component id="oc-56f">
         <name>.text:strcpy</name>
         <load_address>0x3df0</load_address>
         <run_address>0x3df0</run_address>
         <size>0x14</size>
         <input_file_ref idref="fl-ea"/>
      </object_component>
      <object_component id="oc-32b">
         <name>.text:strlen</name>
         <load_address>0x3e04</load_address>
         <run_address>0x3e04</run_address>
         <size>0x14</size>
         <input_file_ref idref="fl-d7"/>
      </object_component>
      <object_component id="oc-3a5">
         <name>.text:wcslen</name>
         <load_address>0x3e18</load_address>
         <run_address>0x3e18</run_address>
         <size>0x12</size>
         <input_file_ref idref="fl-107"/>
      </object_component>
      <object_component id="oc-160">
         <name>.text:SysTickPeriodSet</name>
         <load_address>0x3e2c</load_address>
         <run_address>0x3e2c</run_address>
         <size>0x10</size>
         <input_file_ref idref="fl-10b"/>
      </object_component>
      <object_component id="oc-1b">
         <name>.text:decompress:none:__TI_decompress_none</name>
         <load_address>0x3e3c</load_address>
         <run_address>0x3e3c</run_address>
         <size>0xe</size>
         <input_file_ref idref="fl-c4"/>
      </object_component>
      <object_component id="oc-1ac">
         <name>.text:GPIOIntEnable</name>
         <load_address>0x3e4a</load_address>
         <run_address>0x3e4a</run_address>
         <size>0xc</size>
         <input_file_ref idref="fl-ef"/>
      </object_component>
      <object_component id="oc-50">
         <name>.text:decompress:ZI:__TI_zero_init</name>
         <load_address>0x3e56</load_address>
         <run_address>0x3e56</run_address>
         <size>0xc</size>
         <input_file_ref idref="fl-c3"/>
      </object_component>
      <object_component id="oc-2a">
         <name>.text</name>
         <load_address>0x3e62</load_address>
         <run_address>0x3e62</run_address>
         <size>0xc</size>
         <input_file_ref idref="fl-7"/>
      </object_component>
      <object_component id="oc-1e6">
         <name>.text:UARTCharGet</name>
         <load_address>0x3e6e</load_address>
         <run_address>0x3e6e</run_address>
         <size>0xa</size>
         <input_file_ref idref="fl-10c"/>
      </object_component>
      <object_component id="oc-1e0">
         <name>.text:UARTCharPut</name>
         <load_address>0x3e78</load_address>
         <run_address>0x3e78</run_address>
         <size>0xa</size>
         <input_file_ref idref="fl-10c"/>
      </object_component>
      <object_component id="oc-3ab">
         <name>.text:__aeabi_errno_addr</name>
         <load_address>0x3e84</load_address>
         <run_address>0x3e84</run_address>
         <size>0x8</size>
         <input_file_ref idref="fl-106"/>
      </object_component>
      <object_component id="oc-47a">
         <name>.text:malloc</name>
         <load_address>0x3e8c</load_address>
         <run_address>0x3e8c</run_address>
         <size>0x8</size>
         <input_file_ref idref="fl-d6"/>
      </object_component>
      <object_component id="oc-1bf">
         <name>.text:GPIOIntClear</name>
         <load_address>0x3e94</load_address>
         <run_address>0x3e94</run_address>
         <size>0x6</size>
         <input_file_ref idref="fl-ef"/>
      </object_component>
      <object_component id="oc-1b9">
         <name>.text:GPIOPinRead</name>
         <load_address>0x3e9a</load_address>
         <run_address>0x3e9a</run_address>
         <size>0x6</size>
         <input_file_ref idref="fl-ef"/>
      </object_component>
      <object_component id="oc-153">
         <name>.text:GPIOPinWrite</name>
         <load_address>0x3ea0</load_address>
         <run_address>0x3ea0</run_address>
         <size>0x6</size>
         <input_file_ref idref="fl-ef"/>
      </object_component>
      <object_component id="oc-212">
         <name>.text:SysCtlDelay</name>
         <load_address>0x3ea6</load_address>
         <run_address>0x3ea6</run_address>
         <size>0x6</size>
         <input_file_ref idref="fl-f1"/>
      </object_component>
      <object_component id="oc-9c">
         <name>.text:_system_pre_init</name>
         <load_address>0x3eac</load_address>
         <run_address>0x3eac</run_address>
         <size>0x4</size>
         <input_file_ref idref="fl-d0"/>
      </object_component>
      <object_component id="oc-113">
         <name>.text:abort:abort</name>
         <load_address>0x3eb0</load_address>
         <run_address>0x3eb0</run_address>
         <size>0x4</size>
         <input_file_ref idref="fl-d2"/>
      </object_component>
      <object_component id="oc-3f9">
         <name>.const:.string:_ctypes_</name>
         <load_address>0x3eb4</load_address>
         <run_address>0x3eb4</run_address>
         <size>0x101</size>
         <input_file_ref idref="fl-104"/>
      </object_component>
      <object_component id="oc-364">
         <name>.const:g_ppui32GPIOIntMapSnowflake</name>
         <load_address>0x3fb8</load_address>
         <run_address>0x3fb8</run_address>
         <size>0xd8</size>
         <input_file_ref idref="fl-ef"/>
      </object_component>
      <object_component id="oc-361">
         <name>.const:g_ppui32GPIOIntMapBlizzard</name>
         <load_address>0x4090</load_address>
         <run_address>0x4090</run_address>
         <size>0xc0</size>
         <input_file_ref idref="fl-ef"/>
      </object_component>
      <object_component id="oc-294">
         <name>.const:g_pui32Regs</name>
         <load_address>0x4150</load_address>
         <run_address>0x4150</run_address>
         <size>0x9c</size>
         <input_file_ref idref="fl-f0"/>
      </object_component>
      <object_component id="oc-2a4">
         <name>.const:g_pui32GPIOBaseAddrs</name>
         <load_address>0x41ec</load_address>
         <run_address>0x41ec</run_address>
         <size>0x90</size>
         <input_file_ref idref="fl-ef"/>
      </object_component>
      <object_component id="oc-250">
         <name>.const:g_pui32Xtals</name>
         <load_address>0x427c</load_address>
         <run_address>0x427c</run_address>
         <size>0x6c</size>
         <input_file_ref idref="fl-f1"/>
      </object_component>
      <object_component id="oc-368">
         <name>.const:g_pui32EnRegs</name>
         <load_address>0x42e8</load_address>
         <run_address>0x42e8</run_address>
         <size>0x14</size>
         <input_file_ref idref="fl-f0"/>
      </object_component>
      <object_component id="oc-5f6">
         <name>.cinit..data.load</name>
         <load_address>0x4300</load_address>
         <run_address>0x4300</run_address>
         <size>0x69</size>
      </object_component>
      <object_component id="oc-5f3">
         <name>__TI_handler_table</name>
         <load_address>0x436c</load_address>
         <run_address>0x436c</run_address>
         <size>0xc</size>
      </object_component>
      <object_component id="oc-5f7">
         <name>.cinit..bss.load</name>
         <load_address>0x4378</load_address>
         <run_address>0x4378</run_address>
         <size>0x8</size>
      </object_component>
      <object_component id="oc-5f5">
         <name>.cinit..vtable.load</name>
         <load_address>0x4380</load_address>
         <run_address>0x4380</run_address>
         <size>0x8</size>
      </object_component>
      <object_component id="oc-5f4">
         <name>__TI_cinit_table</name>
         <load_address>0x4388</load_address>
         <run_address>0x4388</run_address>
         <size>0x18</size>
      </object_component>
      <object_component id="oc-321">
         <name>.vtable</name>
         <uninitialized>true</uninitialized>
         <run_address>0x20000000</run_address>
         <size>0x26c</size>
         <input_file_ref idref="fl-f0"/>
      </object_component>
      <object_component id="oc-105">
         <name>.data:sys</name>
         <load_address>0x200017dd</load_address>
         <run_address>0x200017dd</run_address>
         <size>0x3</size>
         <input_file_ref idref="fl-4"/>
      </object_component>
      <object_component id="oc-26f">
         <name>.data:_ftable</name>
         <load_address>0x200015f4</load_address>
         <run_address>0x200015f4</run_address>
         <size>0xf0</size>
         <input_file_ref idref="fl-c7"/>
      </object_component>
      <object_component id="oc-345">
         <name>.data</name>
         <load_address>0x200017ac</load_address>
         <run_address>0x200017ac</run_address>
         <size>0x10</size>
         <input_file_ref idref="fl-c7"/>
      </object_component>
      <object_component id="oc-22a">
         <name>.data:$O1$$</name>
         <load_address>0x200017bc</load_address>
         <run_address>0x200017bc</run_address>
         <size>0xc</size>
         <input_file_ref idref="fl-d2"/>
      </object_component>
      <object_component id="oc-22d">
         <name>.data:$O1$$</name>
         <load_address>0x200017c8</load_address>
         <run_address>0x200017c8</run_address>
         <size>0x8</size>
         <input_file_ref idref="fl-d3"/>
      </object_component>
      <object_component id="oc-53a">
         <name>.data:$O1$$</name>
         <load_address>0x200017d0</load_address>
         <run_address>0x200017d0</run_address>
         <size>0x8</size>
         <input_file_ref idref="fl-d6"/>
      </object_component>
      <object_component id="oc-493">
         <name>.data:_device</name>
         <load_address>0x200016e4</load_address>
         <run_address>0x200016e4</run_address>
         <size>0x78</size>
         <input_file_ref idref="fl-d9"/>
      </object_component>
      <object_component id="oc-3e6">
         <name>.data:_stream</name>
         <load_address>0x2000175c</load_address>
         <run_address>0x2000175c</run_address>
         <size>0x50</size>
         <input_file_ref idref="fl-d9"/>
      </object_component>
      <object_component id="oc-184">
         <name>.data</name>
         <load_address>0x200017d8</load_address>
         <run_address>0x200017d8</run_address>
         <size>0x5</size>
         <input_file_ref idref="fl-f3"/>
      </object_component>
      <object_component id="oc-20a">
         <name>.data</name>
         <load_address>0x200017e0</load_address>
         <run_address>0x200017e0</run_address>
         <size>0x4</size>
         <input_file_ref idref="fl-f6"/>
      </object_component>
      <object_component id="oc-45b">
         <name>.data</name>
         <load_address>0x200017e4</load_address>
         <run_address>0x200017e4</run_address>
         <size>0x4</size>
         <input_file_ref idref="fl-106"/>
      </object_component>
      <object_component id="oc-586">
         <name>.bss:_CIOBUF_</name>
         <uninitialized>true</uninitialized>
         <run_address>0x20001270</run_address>
         <size>0x120</size>
         <input_file_ref idref="fl-e3"/>
      </object_component>
      <object_component id="oc-178">
         <name>.bss:bin_head</name>
         <uninitialized>true</uninitialized>
         <run_address>0x20001390</run_address>
         <size>0x100</size>
         <input_file_ref idref="fl-f3"/>
      </object_component>
      <object_component id="oc-17b">
         <name>.bss:bin_head_heap</name>
         <uninitialized>true</uninitialized>
         <run_address>0x200015c0</run_address>
         <size>0x10</size>
         <input_file_ref idref="fl-f3"/>
      </object_component>
      <object_component id="oc-207">
         <name>.bss:push_button</name>
         <uninitialized>true</uninitialized>
         <run_address>0x200015d0</run_address>
         <size>0x10</size>
         <input_file_ref idref="fl-f6"/>
      </object_component>
      <object_component id="oc-1f2">
         <name>.bss:buffer$1</name>
         <uninitialized>true</uninitialized>
         <run_address>0x20001530</run_address>
         <size>0x54</size>
         <input_file_ref idref="fl-f7"/>
      </object_component>
      <object_component id="oc-108">
         <name>.common:buzzer_play_event</name>
         <uninitialized>true</uninitialized>
         <run_address>0x20001584</run_address>
         <size>0x14</size>
      </object_component>
      <object_component id="oc-10b">
         <name>.common:check_push_button_event</name>
         <uninitialized>true</uninitialized>
         <run_address>0x20001598</run_address>
         <size>0x14</size>
      </object_component>
      <object_component id="oc-10c">
         <name>.common:read_motion_sensor_event</name>
         <uninitialized>true</uninitialized>
         <run_address>0x200015ac</run_address>
         <size>0x14</size>
      </object_component>
      <object_component id="oc-1ca">
         <name>.common:motion_sensor</name>
         <uninitialized>true</uninitialized>
         <run_address>0x200015e0</run_address>
         <size>0xc</size>
      </object_component>
      <object_component id="oc-552">
         <name>.common:__TI_tmpnams</name>
         <uninitialized>true</uninitialized>
         <run_address>0x20001490</run_address>
         <size>0xa0</size>
      </object_component>
      <object_component id="oc-561">
         <name>.common:parmbuf</name>
         <uninitialized>true</uninitialized>
         <run_address>0x200015ec</run_address>
         <size>0x8</size>
      </object_component>
      <object_component id="oc-27">
         <name>.sysmem</name>
         <uninitialized>true</uninitialized>
         <run_address>0x20000a70</run_address>
         <size>0x10</size>
         <input_file_ref idref="fl-d6"/>
      </object_component>
      <object_component id="oc-5fa">
         <name>.sysmem</name>
         <uninitialized>true</uninitialized>
         <run_address>0x20000a70</run_address>
         <size>0x0</size>
      </object_component>
      <object_component id="oc-24">
         <name>.stack</name>
         <uninitialized>true</uninitialized>
         <run_address>0x20000270</run_address>
         <size>0x4</size>
         <input_file_ref idref="fl-c8"/>
      </object_component>
      <object_component id="oc-5f9">
         <name>.stack</name>
         <uninitialized>true</uninitialized>
         <run_address>0x20000270</run_address>
         <size>0x0</size>
      </object_component>
      <object_component id="oc-c5">
         <name>.debug_info</name>
         <load_address>0x0</load_address>
         <run_address>0x0</run_address>
         <size>0x2ea</size>
         <input_file_ref idref="fl-2"/>
      </object_component>
      <object_component id="oc-100">
         <name>.debug_info</name>
         <load_address>0x2ea</load_address>
         <run_address>0x2ea</run_address>
         <size>0x14a</size>
         <input_file_ref idref="fl-2"/>
      </object_component>
      <object_component id="oc-77">
         <name>.debug_info</name>
         <load_address>0x434</load_address>
         <run_address>0x434</run_address>
         <size>0x26b</size>
         <input_file_ref idref="fl-2"/>
      </object_component>
      <object_component id="oc-39">
         <name>.debug_info</name>
         <load_address>0x69f</load_address>
         <run_address>0x69f</run_address>
         <size>0x84</size>
         <input_file_ref idref="fl-2"/>
      </object_component>
      <object_component id="oc-c0">
         <name>.debug_info</name>
         <load_address>0x723</load_address>
         <run_address>0x723</run_address>
         <size>0x2a4</size>
         <input_file_ref idref="fl-2"/>
      </object_component>
      <object_component id="oc-7c">
         <name>.debug_info</name>
         <load_address>0x9c7</load_address>
         <run_address>0x9c7</run_address>
         <size>0xbb</size>
         <input_file_ref idref="fl-2"/>
      </object_component>
      <object_component id="oc-d9">
         <name>.debug_info</name>
         <load_address>0xa82</load_address>
         <run_address>0xa82</run_address>
         <size>0x146</size>
         <input_file_ref idref="fl-3"/>
      </object_component>
      <object_component id="oc-109">
         <name>.debug_info</name>
         <load_address>0xbc8</load_address>
         <run_address>0xbc8</run_address>
         <size>0x587</size>
         <input_file_ref idref="fl-4"/>
      </object_component>
      <object_component id="oc-106">
         <name>.debug_info</name>
         <load_address>0x114f</load_address>
         <run_address>0x114f</run_address>
         <size>0xd7</size>
         <input_file_ref idref="fl-4"/>
      </object_component>
      <object_component id="oc-1b4">
         <name>.debug_info</name>
         <load_address>0x1226</load_address>
         <run_address>0x1226</run_address>
         <size>0x1bd</size>
         <input_file_ref idref="fl-4"/>
      </object_component>
      <object_component id="oc-a6">
         <name>.debug_info</name>
         <load_address>0x13e3</load_address>
         <run_address>0x13e3</run_address>
         <size>0x468</size>
         <input_file_ref idref="fl-4"/>
      </object_component>
      <object_component id="oc-224">
         <name>.debug_info</name>
         <load_address>0x184b</load_address>
         <run_address>0x184b</run_address>
         <size>0x118</size>
         <input_file_ref idref="fl-4"/>
      </object_component>
      <object_component id="oc-21d">
         <name>.debug_info</name>
         <load_address>0x1963</load_address>
         <run_address>0x1963</run_address>
         <size>0x72</size>
         <input_file_ref idref="fl-4"/>
      </object_component>
      <object_component id="oc-10e">
         <name>.debug_info</name>
         <load_address>0x19d5</load_address>
         <run_address>0x19d5</run_address>
         <size>0x8b</size>
         <input_file_ref idref="fl-4"/>
      </object_component>
      <object_component id="oc-2d9">
         <name>.debug_info</name>
         <load_address>0x1a60</load_address>
         <run_address>0x1a60</run_address>
         <size>0xcc</size>
         <input_file_ref idref="fl-4"/>
      </object_component>
      <object_component id="oc-1f5">
         <name>.debug_info</name>
         <load_address>0x1b2c</load_address>
         <run_address>0x1b2c</run_address>
         <size>0x2c</size>
         <input_file_ref idref="fl-4"/>
      </object_component>
      <object_component id="oc-1cb">
         <name>.debug_info</name>
         <load_address>0x1b58</load_address>
         <run_address>0x1b58</run_address>
         <size>0x4ff</size>
         <input_file_ref idref="fl-5"/>
      </object_component>
      <object_component id="oc-e2">
         <name>.debug_info</name>
         <load_address>0x2057</load_address>
         <run_address>0x2057</run_address>
         <size>0x3a1</size>
         <input_file_ref idref="fl-5"/>
      </object_component>
      <object_component id="oc-29f">
         <name>.debug_info</name>
         <load_address>0x23f8</load_address>
         <run_address>0x23f8</run_address>
         <size>0x72</size>
         <input_file_ref idref="fl-5"/>
      </object_component>
      <object_component id="oc-1c7">
         <name>.debug_info</name>
         <load_address>0x246a</load_address>
         <run_address>0x246a</run_address>
         <size>0xf0</size>
         <input_file_ref idref="fl-6"/>
      </object_component>
      <object_component id="oc-32">
         <name>.debug_info</name>
         <load_address>0x255a</load_address>
         <run_address>0x255a</run_address>
         <size>0x2ba</size>
         <input_file_ref idref="fl-7"/>
      </object_component>
      <object_component id="oc-13">
         <name>.debug_info</name>
         <load_address>0x2814</load_address>
         <run_address>0x2814</run_address>
         <size>0xf9</size>
         <input_file_ref idref="fl-7"/>
      </object_component>
      <object_component id="oc-2c">
         <name>.debug_info</name>
         <load_address>0x290d</load_address>
         <run_address>0x290d</run_address>
         <size>0x275</size>
         <input_file_ref idref="fl-7"/>
      </object_component>
      <object_component id="oc-95">
         <name>.debug_info</name>
         <load_address>0x2b82</load_address>
         <run_address>0x2b82</run_address>
         <size>0x2d4</size>
         <input_file_ref idref="fl-c3"/>
      </object_component>
      <object_component id="oc-52">
         <name>.debug_info</name>
         <load_address>0x2e56</load_address>
         <run_address>0x2e56</run_address>
         <size>0x1b5</size>
         <input_file_ref idref="fl-c3"/>
      </object_component>
      <object_component id="oc-90">
         <name>.debug_info</name>
         <load_address>0x300b</load_address>
         <run_address>0x300b</run_address>
         <size>0x46</size>
         <input_file_ref idref="fl-c3"/>
      </object_component>
      <object_component id="oc-cd">
         <name>.debug_info</name>
         <load_address>0x3051</load_address>
         <run_address>0x3051</run_address>
         <size>0x2c</size>
         <input_file_ref idref="fl-c3"/>
      </object_component>
      <object_component id="oc-49">
         <name>.debug_info</name>
         <load_address>0x307d</load_address>
         <run_address>0x307d</run_address>
         <size>0x2a8</size>
         <input_file_ref idref="fl-c4"/>
      </object_component>
      <object_component id="oc-1e">
         <name>.debug_info</name>
         <load_address>0x3325</load_address>
         <run_address>0x3325</run_address>
         <size>0x1ea</size>
         <input_file_ref idref="fl-c4"/>
      </object_component>
      <object_component id="oc-44">
         <name>.debug_info</name>
         <load_address>0x350f</load_address>
         <run_address>0x350f</run_address>
         <size>0x46</size>
         <input_file_ref idref="fl-c4"/>
      </object_component>
      <object_component id="oc-88">
         <name>.debug_info</name>
         <load_address>0x3555</load_address>
         <run_address>0x3555</run_address>
         <size>0x2c</size>
         <input_file_ref idref="fl-c4"/>
      </object_component>
      <object_component id="oc-86">
         <name>.debug_info</name>
         <load_address>0x3581</load_address>
         <run_address>0x3581</run_address>
         <size>0x29e</size>
         <input_file_ref idref="fl-c5"/>
      </object_component>
      <object_component id="oc-19">
         <name>.debug_info</name>
         <load_address>0x381f</load_address>
         <run_address>0x381f</run_address>
         <size>0x250</size>
         <input_file_ref idref="fl-c5"/>
      </object_component>
      <object_component id="oc-34">
         <name>.debug_info</name>
         <load_address>0x3a6f</load_address>
         <run_address>0x3a6f</run_address>
         <size>0x60</size>
         <input_file_ref idref="fl-c5"/>
      </object_component>
      <object_component id="oc-c6">
         <name>.debug_info</name>
         <load_address>0x3acf</load_address>
         <run_address>0x3acf</run_address>
         <size>0x46</size>
         <input_file_ref idref="fl-c5"/>
      </object_component>
      <object_component id="oc-81">
         <name>.debug_info</name>
         <load_address>0x3b15</load_address>
         <run_address>0x3b15</run_address>
         <size>0x39</size>
         <input_file_ref idref="fl-c5"/>
      </object_component>
      <object_component id="oc-273">
         <name>.debug_info</name>
         <load_address>0x3b4e</load_address>
         <run_address>0x3b4e</run_address>
         <size>0x322</size>
         <input_file_ref idref="fl-c6"/>
      </object_component>
      <object_component id="oc-182">
         <name>.debug_info</name>
         <load_address>0x3e70</load_address>
         <run_address>0x3e70</run_address>
         <size>0x177</size>
         <input_file_ref idref="fl-c6"/>
      </object_component>
      <object_component id="oc-350">
         <name>.debug_info</name>
         <load_address>0x3fe7</load_address>
         <run_address>0x3fe7</run_address>
         <size>0xb2</size>
         <input_file_ref idref="fl-c6"/>
      </object_component>
      <object_component id="oc-34c">
         <name>.debug_info</name>
         <load_address>0x4099</load_address>
         <run_address>0x4099</run_address>
         <size>0x144</size>
         <input_file_ref idref="fl-c7"/>
      </object_component>
      <object_component id="oc-270">
         <name>.debug_info</name>
         <load_address>0x41dd</load_address>
         <run_address>0x41dd</run_address>
         <size>0x102</size>
         <input_file_ref idref="fl-c7"/>
      </object_component>
      <object_component id="oc-346">
         <name>.debug_info</name>
         <load_address>0x42df</load_address>
         <run_address>0x42df</run_address>
         <size>0x18f</size>
         <input_file_ref idref="fl-c7"/>
      </object_component>
      <object_component id="oc-25">
         <name>.debug_info</name>
         <load_address>0x446e</load_address>
         <run_address>0x446e</run_address>
         <size>0x10b</size>
         <input_file_ref idref="fl-c8"/>
      </object_component>
      <object_component id="oc-5e">
         <name>.debug_info</name>
         <load_address>0x4579</load_address>
         <run_address>0x4579</run_address>
         <size>0x1a9</size>
         <input_file_ref idref="fl-c8"/>
      </object_component>
      <object_component id="oc-349">
         <name>.debug_info</name>
         <load_address>0x4722</load_address>
         <run_address>0x4722</run_address>
         <size>0x347</size>
         <input_file_ref idref="fl-c9"/>
      </object_component>
      <object_component id="oc-339">
         <name>.debug_info</name>
         <load_address>0x4a69</load_address>
         <run_address>0x4a69</run_address>
         <size>0x18a</size>
         <input_file_ref idref="fl-c9"/>
      </object_component>
      <object_component id="oc-26b">
         <name>.debug_info</name>
         <load_address>0x4bf3</load_address>
         <run_address>0x4bf3</run_address>
         <size>0x1c8</size>
         <input_file_ref idref="fl-c9"/>
      </object_component>
      <object_component id="oc-344">
         <name>.debug_info</name>
         <load_address>0x4dbb</load_address>
         <run_address>0x4dbb</run_address>
         <size>0x3fc</size>
         <input_file_ref idref="fl-ca"/>
      </object_component>
      <object_component id="oc-267">
         <name>.debug_info</name>
         <load_address>0x51b7</load_address>
         <run_address>0x51b7</run_address>
         <size>0x2e2</size>
         <input_file_ref idref="fl-ca"/>
      </object_component>
      <object_component id="oc-3e0">
         <name>.debug_info</name>
         <load_address>0x5499</load_address>
         <run_address>0x5499</run_address>
         <size>0x300</size>
         <input_file_ref idref="fl-cb"/>
      </object_component>
      <object_component id="oc-328">
         <name>.debug_info</name>
         <load_address>0x5799</load_address>
         <run_address>0x5799</run_address>
         <size>0x19c</size>
         <input_file_ref idref="fl-cb"/>
      </object_component>
      <object_component id="oc-488">
         <name>.debug_info</name>
         <load_address>0x5935</load_address>
         <run_address>0x5935</run_address>
         <size>0xbf</size>
         <input_file_ref idref="fl-cb"/>
      </object_component>
      <object_component id="oc-487">
         <name>.debug_info</name>
         <load_address>0x59f4</load_address>
         <run_address>0x59f4</run_address>
         <size>0x374</size>
         <input_file_ref idref="fl-cc"/>
      </object_component>
      <object_component id="oc-3da">
         <name>.debug_info</name>
         <load_address>0x5d68</load_address>
         <run_address>0x5d68</run_address>
         <size>0x20b</size>
         <input_file_ref idref="fl-cc"/>
      </object_component>
      <object_component id="oc-40">
         <name>.debug_info</name>
         <load_address>0x5f73</load_address>
         <run_address>0x5f73</run_address>
         <size>0x119</size>
         <input_file_ref idref="fl-cd"/>
      </object_component>
      <object_component id="oc-98">
         <name>.debug_info</name>
         <load_address>0x608c</load_address>
         <run_address>0x608c</run_address>
         <size>0x147</size>
         <input_file_ref idref="fl-ce"/>
      </object_component>
      <object_component id="oc-234">
         <name>.debug_info</name>
         <load_address>0x61d3</load_address>
         <run_address>0x61d3</run_address>
         <size>0x4b3</size>
         <input_file_ref idref="fl-cf"/>
      </object_component>
      <object_component id="oc-120">
         <name>.debug_info</name>
         <load_address>0x6686</load_address>
         <run_address>0x6686</run_address>
         <size>0x1a6</size>
         <input_file_ref idref="fl-cf"/>
      </object_component>
      <object_component id="oc-300">
         <name>.debug_info</name>
         <load_address>0x682c</load_address>
         <run_address>0x682c</run_address>
         <size>0x39</size>
         <input_file_ref idref="fl-cf"/>
      </object_component>
      <object_component id="oc-3c5">
         <name>.debug_info</name>
         <load_address>0x6865</load_address>
         <run_address>0x6865</run_address>
         <size>0x39</size>
         <input_file_ref idref="fl-cf"/>
      </object_component>
      <object_component id="oc-305">
         <name>.debug_info</name>
         <load_address>0x689e</load_address>
         <run_address>0x689e</run_address>
         <size>0x39</size>
         <input_file_ref idref="fl-cf"/>
      </object_component>
      <object_component id="oc-30a">
         <name>.debug_info</name>
         <load_address>0x68d7</load_address>
         <run_address>0x68d7</run_address>
         <size>0xcd</size>
         <input_file_ref idref="fl-cf"/>
      </object_component>
      <object_component id="oc-9d">
         <name>.debug_info</name>
         <load_address>0x69a4</load_address>
         <run_address>0x69a4</run_address>
         <size>0x153</size>
         <input_file_ref idref="fl-d0"/>
      </object_component>
      <object_component id="oc-231">
         <name>.debug_info</name>
         <load_address>0x6af7</load_address>
         <run_address>0x6af7</run_address>
         <size>0x3ad</size>
         <input_file_ref idref="fl-d2"/>
      </object_component>
      <object_component id="oc-22b">
         <name>.debug_info</name>
         <load_address>0x6ea4</load_address>
         <run_address>0x6ea4</run_address>
         <size>0x190</size>
         <input_file_ref idref="fl-d2"/>
      </object_component>
      <object_component id="oc-117">
         <name>.debug_info</name>
         <load_address>0x7034</load_address>
         <run_address>0x7034</run_address>
         <size>0x122</size>
         <input_file_ref idref="fl-d2"/>
      </object_component>
      <object_component id="oc-11d">
         <name>.debug_info</name>
         <load_address>0x7156</load_address>
         <run_address>0x7156</run_address>
         <size>0x184</size>
         <input_file_ref idref="fl-d2"/>
      </object_component>
      <object_component id="oc-2fa">
         <name>.debug_info</name>
         <load_address>0x72da</load_address>
         <run_address>0x72da</run_address>
         <size>0x2c9</size>
         <input_file_ref idref="fl-d3"/>
      </object_component>
      <object_component id="oc-22e">
         <name>.debug_info</name>
         <load_address>0x75a3</load_address>
         <run_address>0x75a3</run_address>
         <size>0x11e</size>
         <input_file_ref idref="fl-d3"/>
      </object_component>
      <object_component id="oc-2f3">
         <name>.debug_info</name>
         <load_address>0x76c1</load_address>
         <run_address>0x76c1</run_address>
         <size>0x12e</size>
         <input_file_ref idref="fl-d3"/>
      </object_component>
      <object_component id="oc-3e4">
         <name>.debug_info</name>
         <load_address>0x77ef</load_address>
         <run_address>0x77ef</run_address>
         <size>0x2a5</size>
         <input_file_ref idref="fl-d5"/>
      </object_component>
      <object_component id="oc-333">
         <name>.debug_info</name>
         <load_address>0x7a94</load_address>
         <run_address>0x7a94</run_address>
         <size>0x25d</size>
         <input_file_ref idref="fl-d5"/>
      </object_component>
      <object_component id="oc-72">
         <name>.debug_info</name>
         <load_address>0x7cf1</load_address>
         <run_address>0x7cf1</run_address>
         <size>0x3b2</size>
         <input_file_ref idref="fl-d6"/>
      </object_component>
      <object_component id="oc-28">
         <name>.debug_info</name>
         <load_address>0x80a3</load_address>
         <run_address>0x80a3</run_address>
         <size>0x10c</size>
         <input_file_ref idref="fl-d6"/>
      </object_component>
      <object_component id="oc-53b">
         <name>.debug_info</name>
         <load_address>0x81af</load_address>
         <run_address>0x81af</run_address>
         <size>0x13f</size>
         <input_file_ref idref="fl-d6"/>
      </object_component>
      <object_component id="oc-47b">
         <name>.debug_info</name>
         <load_address>0x82ee</load_address>
         <run_address>0x82ee</run_address>
         <size>0x168</size>
         <input_file_ref idref="fl-d6"/>
      </object_component>
      <object_component id="oc-4df">
         <name>.debug_info</name>
         <load_address>0x8456</load_address>
         <run_address>0x8456</run_address>
         <size>0x18e</size>
         <input_file_ref idref="fl-d6"/>
      </object_component>
      <object_component id="oc-4e4">
         <name>.debug_info</name>
         <load_address>0x85e4</load_address>
         <run_address>0x85e4</run_address>
         <size>0x19f</size>
[...]
         <name>__aeabi_memclr</name>
         <value>0x2de5</value>
         <object_component_ref idref="oc-96"/>
      </symbol>
      <symbol id="sm-264">
         <name>__TI_auto_init_nobinit_nopinit</name>
         <value>0x37cd</value>
         <object_component_ref idref="oc-11f"/>
      </symbol>
      <symbol id="sm-26e">
         <name>_system_pre_init</name>
         <value>0x3ead</value>
         <object_component_ref idref="oc-9c"/>
      </symbol>
      <symbol id="sm-295">
         <name>C$$EXIT</name>
         <value>0x3eb1</value>
         <object_component_ref idref="oc-113"/>
      </symbol>
      <symbol id="sm-296">
         <name>abort</name>
         <value>0x3eb1</value>
         <object_component_ref idref="oc-113"/>
      </symbol>
      <symbol id="sm-297">
         <name>__TI_dtors_ptr</name>
         <value>0x200017c0</value>
         <object_component_ref idref="oc-22a"/>
      </symbol>
      <symbol id="sm-298">
         <name>__TI_cleanup_ptr</name>
         <value>0x200017bc</value>
         <object_component_ref idref="oc-22a"/>
      </symbol>
      <symbol id="sm-299">
         <name>__TI_enable_exit_profile_output</name>
         <value>0x200017c4</value>
         <object_component_ref idref="oc-22a"/>
      </symbol>
      <symbol id="sm-29a">
         <name>exit</name>
         <value>0x3629</value>
         <object_component_ref idref="oc-119"/>
      </symbol>
      <symbol id="sm-2af">
         <name>_nop</name>
         <value>0xcbb</value>
         <object_component_ref idref="oc-2f2"/>
      </symbol>
      <symbol id="sm-2b0">
         <name>_lock</name>
         <value>0x200017c8</value>
         <object_component_ref idref="oc-22d"/>
      </symbol>
      <symbol id="sm-2b1">
         <name>_unlock</name>
         <value>0x200017cc</value>
         <object_component_ref idref="oc-22d"/>
      </symbol>
      <symbol id="sm-2c2">
         <name>memchr</name>
         <value>0x3c19</value>
         <object_component_ref idref="oc-331"/>
      </symbol>
      <symbol id="sm-34b">
         <name>_sys_memory</name>
         <value>0x20000a70</value>
         <object_component_ref idref="oc-27"/>
      </symbol>
      <symbol id="sm-34c">
         <name>free</name>
         <value>0x26ad</value>
         <object_component_ref idref="oc-474"/>
      </symbol>
      <symbol id="sm-34d">
         <name>memalign</name>
         <value>0x23bd</value>
         <object_component_ref idref="oc-4ea"/>
      </symbol>
      <symbol id="sm-34e">
         <name>malloc</name>
         <value>0x3e8d</value>
         <object_component_ref idref="oc-47a"/>
      </symbol>
      <symbol id="sm-34f">
         <name>aligned_alloc</name>
         <value>0x23bd</value>
         <object_component_ref idref="oc-4ea"/>
      </symbol>
      <symbol id="sm-35d">
         <name>strlen</name>
         <value>0x3e05</value>
         <object_component_ref idref="oc-32b"/>
      </symbol>
      <symbol id="sm-377">
         <name>write</name>
         <value>0x3bad</value>
         <object_component_ref idref="oc-33d"/>
      </symbol>
      <symbol id="sm-388">
         <name>_stream</name>
         <value>0x2000175c</value>
         <object_component_ref idref="oc-3e6"/>
      </symbol>
      <symbol id="sm-389">
         <name>_device</name>
         <value>0x200016e4</value>
         <object_component_ref idref="oc-493"/>
      </symbol>
      <symbol id="sm-399">
         <name>__TI_cleanup</name>
         <value>0x39ad</value>
         <object_component_ref idref="oc-480"/>
      </symbol>
      <symbol id="sm-3ab">
         <name>fseek</name>
         <value>0x31bd</value>
         <object_component_ref idref="oc-3d3"/>
      </symbol>
      <symbol id="sm-3bc">
         <name>HOSTclose</name>
         <value>0x3701</value>
         <object_component_ref idref="oc-500"/>
      </symbol>
      <symbol id="sm-3cd">
         <name>HOSTlseek</name>
         <value>0x3021</value>
         <object_component_ref idref="oc-512"/>
      </symbol>
      <symbol id="sm-3df">
         <name>parmbuf</name>
         <value>0x200015ec</value>
      </symbol>
      <symbol id="sm-3e0">
         <name>HOSTopen</name>
         <value>0x3285</value>
         <object_component_ref idref="oc-4fa"/>
      </symbol>
      <symbol id="sm-3f1">
         <name>HOSTread</name>
         <value>0x3399</value>
         <object_component_ref idref="oc-506"/>
      </symbol>
      <symbol id="sm-402">
         <name>HOSTrename</name>
         <value>0x2fb5</value>
         <object_component_ref idref="oc-51e"/>
      </symbol>
      <symbol id="sm-413">
         <name>HOSTunlink</name>
         <value>0x3745</value>
         <object_component_ref idref="oc-518"/>
      </symbol>
      <symbol id="sm-424">
         <name>HOSTwrite</name>
         <value>0x33f1</value>
         <object_component_ref idref="oc-50c"/>
      </symbol>
      <symbol id="sm-448">
         <name>__TI_readmsg</name>
         <value>0x39e1</value>
         <object_component_ref idref="oc-55b"/>
      </symbol>
      <symbol id="sm-449">
         <name>C$$IO$$</name>
         <value>0x3903</value>
         <object_component_ref idref="oc-555"/>
      </symbol>
      <symbol id="sm-44a">
         <name>__CIOBUF_</name>
         <value>0x20001270</value>
         <object_component_ref idref="oc-586"/>
      </symbol>
      <symbol id="sm-44b">
         <name>__TI_writemsg</name>
         <value>0x38d5</value>
         <object_component_ref idref="oc-555"/>
      </symbol>
      <symbol id="sm-45c">
         <name>lseek</name>
         <value>0x3b85</value>
         <object_component_ref idref="oc-46c"/>
      </symbol>
      <symbol id="sm-471">
         <name>__TI_closefile</name>
         <value>0x2e61</value>
         <object_component_ref idref="oc-4f1"/>
      </symbol>
      <symbol id="sm-499">
         <name>finddevice</name>
         <value>0x3a79</value>
         <object_component_ref idref="oc-5a4"/>
      </symbol>
      <symbol id="sm-49a">
         <name>getdevice</name>
         <value>0x3811</value>
         <object_component_ref idref="oc-57c"/>
      </symbol>
      <symbol id="sm-4aa">
         <name>strchr</name>
         <value>0x3d9f</value>
         <object_component_ref idref="oc-44b"/>
      </symbol>
      <symbol id="sm-4b9">
         <name>strcmp</name>
         <value>0x3d45</value>
         <object_component_ref idref="oc-5bb"/>
      </symbol>
      <symbol id="sm-4c7">
         <name>strcpy</name>
         <value>0x3df1</value>
         <object_component_ref idref="oc-56f"/>
      </symbol>
      <symbol id="sm-4d7">
         <name>strncpy</name>
         <value>0x390d</value>
         <object_component_ref idref="oc-59e"/>
      </symbol>
      <symbol id="sm-4ec">
         <name>close</name>
         <value>0x32e5</value>
         <object_component_ref idref="oc-546"/>
      </symbol>
      <symbol id="sm-4fc">
         <name>unlink</name>
         <value>0x3b31</value>
         <object_component_ref idref="oc-54c"/>
      </symbol>
      <symbol id="sm-5a9">
         <name>GPIOIntRegister</name>
         <value>0x3d15</value>
         <object_component_ref idref="oc-19a"/>
      </symbol>
      <symbol id="sm-5aa">
         <name>GPIOPinConfigure</name>
         <value>0x3545</value>
         <object_component_ref idref="oc-1ce"/>
      </symbol>
      <symbol id="sm-5ab">
         <name>GPIOIntEnable</name>
         <value>0x3e4b</value>
         <object_component_ref idref="oc-1ac"/>
      </symbol>
      <symbol id="sm-5ac">
         <name>GPIOIntTypeSet</name>
         <value>0x3341</value>
         <object_component_ref idref="oc-1a0"/>
      </symbol>
      <symbol id="sm-5ad">
         <name>GPIOPinTypeGPIOInput</name>
         <value>0x3d73</value>
         <object_component_ref idref="oc-194"/>
      </symbol>
      <symbol id="sm-5ae">
         <name>GPIOIntClear</name>
         <value>0x3e95</value>
         <object_component_ref idref="oc-1bf"/>
      </symbol>
      <symbol id="sm-5af">
         <name>GPIOPinTypeUART</name>
         <value>0x3d89</value>
         <object_component_ref idref="oc-1d4"/>
      </symbol>
      <symbol id="sm-5b0">
         <name>GPIOPinTypeGPIOOutput</name>
         <value>0x3ce1</value>
         <object_component_ref idref="oc-1fa"/>
      </symbol>
      <symbol id="sm-5b1">
         <name>GPIOPinRead</name>
         <value>0x3e9b</value>
         <object_component_ref idref="oc-1b9"/>
      </symbol>
      <symbol id="sm-5b2">
         <name>GPIODirModeSet</name>
         <value>0x3ad7</value>
         <object_component_ref idref="oc-27f"/>
      </symbol>
      <symbol id="sm-5b3">
         <name>GPIOPinWrite</name>
         <value>0x3ea1</value>
         <object_component_ref idref="oc-153"/>
      </symbol>
      <symbol id="sm-5b4">
         <name>GPIOPadConfigSet</name>
         <value>0x1a6d</value>
         <object_component_ref idref="oc-201"/>
      </symbol>
      <symbol id="sm-5f6">
         <name>IntPrioritySet</name>
         <value>0x3bd5</value>
         <object_component_ref idref="oc-1a6"/>
      </symbol>
      <symbol id="sm-5f7">
         <name>IntEnable</name>
         <value>0x3089</value>
         <object_component_ref idref="oc-28c"/>
      </symbol>
      <symbol id="sm-5f8">
         <name>IntRegister</name>
         <value>0x3945</value>
         <object_component_ref idref="oc-256"/>
      </symbol>
      <symbol id="sm-5f9">
         <name>g_pfnRAMVectors</name>
         <value>0x20000000</value>
         <object_component_ref idref="oc-321"/>
      </symbol>
      <symbol id="sm-64c">
         <name>SysCtlClockSet</name>
         <value>0x25b9</value>
         <object_component_ref idref="oc-213"/>
      </symbol>
      <symbol id="sm-64d">
         <name>SysCtlDelay</name>
         <value>0x3ea7</value>
         <object_component_ref idref="oc-212"/>
      </symbol>
      <symbol id="sm-64e">
         <name>SysCtlPeripheralEnable</name>
         <value>0x3979</value>
         <object_component_ref idref="oc-18e"/>
      </symbol>
      <symbol id="sm-64f">
         <name>SysCtlClockGet</name>
         <value>0x1f71</value>
         <object_component_ref idref="oc-15a"/>
      </symbol>
      <symbol id="sm-6a9">
         <name>EventInit</name>
         <value>0xea7</value>
         <object_component_ref idref="oc-db"/>
      </symbol>
      <symbol id="sm-6aa">
         <name>EventExecute</name>
         <value>0x1031</value>
         <object_component_ref idref="oc-db"/>
      </symbol>
      <symbol id="sm-6ab">
         <name>EventSchedulerInit</name>
         <value>0xe2b</value>
         <object_component_ref idref="oc-db"/>
      </symbol>
      <symbol id="sm-6ac">
         <name>EventGetCurrentTime</name>
         <value>0x107d</value>
         <object_component_ref idref="oc-db"/>
      </symbol>
      <symbol id="sm-6ad">
         <name>HeapifyDownwards</name>
         <value>0xcbd</value>
         <object_component_ref idref="oc-db"/>
      </symbol>
      <symbol id="sm-6ae">
         <name>HeapifyUpwards</name>
         <value>0xd8d</value>
         <object_component_ref idref="oc-db"/>
      </symbol>
      <symbol id="sm-6af">
         <name>EventSchedule</name>
         <value>0xefd</value>
         <object_component_ref idref="oc-db"/>
      </symbol>
      <symbol id="sm-6b0">
         <name>EventDeschedule</name>
         <value>0xfd5</value>
         <object_component_ref idref="oc-db"/>
      </symbol>
      <symbol id="sm-6c4">
         <name>LaunchPadInit</name>
         <value>0x2961</value>
         <object_component_ref idref="oc-f9"/>
      </symbol>
      <symbol id="sm-6c5">
         <name>WaitUs</name>
         <value>0x2935</value>
         <object_component_ref idref="oc-f9"/>
      </symbol>
      <symbol id="sm-6d6">
         <name>LedInit</name>
         <value>0x2ce5</value>
         <object_component_ref idref="oc-ed"/>
      </symbol>
      <symbol id="sm-6d7">
         <name>LedTurnOnOff</name>
         <value>0x2d07</value>
         <object_component_ref idref="oc-ed"/>
      </symbol>
      <symbol id="sm-70c">
         <name>PushButtonRead</name>
         <value>0x1967</value>
         <object_component_ref idref="oc-f3"/>
      </symbol>
      <symbol id="sm-70d">
         <name>PushButtonInit</name>
         <value>0x18d5</value>
         <object_component_ref idref="oc-f3"/>
      </symbol>
      <symbol id="sm-70e">
         <name>PushButtonEventRegister</name>
         <value>0x193d</value>
         <object_component_ref idref="oc-f3"/>
      </symbol>
      <symbol id="sm-70f">
         <name>PushButtonSetDebouncingDelay</name>
         <value>0x1957</value>
         <object_component_ref idref="oc-f3"/>
      </symbol>
      <symbol id="sm-729">
         <name>UartPutString</name>
         <value>0x28cb</value>
         <object_component_ref idref="oc-e7"/>
      </symbol>
      <symbol id="sm-72a">
         <name>UartPutChar</name>
         <value>0x28a7</value>
         <object_component_ref idref="oc-e7"/>
      </symbol>
      <symbol id="sm-72b">
         <name>UartGetChar</name>
         <value>0x28b9</value>
         <object_component_ref idref="oc-e7"/>
      </symbol>
      <symbol id="sm-72c">
         <name>uprintf</name>
         <value>0x28f7</value>
         <object_component_ref idref="oc-e7"/>
      </symbol>
      <symbol id="sm-72d">
         <name>UartInit</name>
         <value>0x286d</value>
         <object_component_ref idref="oc-e7"/>
      </symbol>
      <symbol id="sm-757">
         <name>vsnprintf</name>
         <value>0x3855</value>
         <object_component_ref idref="oc-1ec"/>
      </symbol>
      <symbol id="sm-764">
         <name>__aeabi_uldivmod</name>
         <value>0x2b43</value>
         <object_component_ref idref="oc-20d"/>
      </symbol>
      <symbol id="sm-8c9">
         <name>__TI_printfi</name>
         <value>0x26d</value>
         <object_component_ref idref="oc-2b9"/>
      </symbol>
      <symbol id="sm-8d3">
         <name>__aeabi_idiv0</name>
         <value>0x1723</value>
         <object_component_ref idref="oc-2e9"/>
      </symbol>
      <symbol id="sm-8d4">
         <name>__aeabi_ldiv0</name>
         <value>0x1723</value>
         <object_component_ref idref="oc-2e9"/>
      </symbol>
      <symbol id="sm-8eb">
         <name>__aeabi_dsub</name>
         <value>0x156d</value>
         <object_component_ref idref="oc-41f"/>
      </symbol>
      <symbol id="sm-8ec">
         <name>__aeabi_dadd</name>
         <value>0x1577</value>
         <object_component_ref idref="oc-41f"/>
      </symbol>
      <symbol id="sm-90e">
         <name>__aeabi_cdcmpeq</name>
         <value>0x2bd9</value>
         <object_component_ref idref="oc-382"/>
      </symbol>
      <symbol id="sm-90f">
         <name>__aeabi_cdcmple</name>
         <value>0x2bd9</value>
         <object_component_ref idref="oc-382"/>
      </symbol>
      <symbol id="sm-910">
         <name>__aeabi_cdrcmple</name>
         <value>0x2c5f</value>
         <object_component_ref idref="oc-40a"/>
      </symbol>
      <symbol id="sm-924">
         <name>__aeabi_ddiv</name>
         <value>0x1d15</value>
         <object_component_ref idref="oc-405"/>
      </symbol>
      <symbol id="sm-92f">
         <name>__aeabi_dmul</name>
         <value>0x24bd</value>
         <object_component_ref idref="oc-400"/>
      </symbol>
      <symbol id="sm-939">
         <name>__aeabi_d2iz</name>
         <value>0x3671</value>
         <object_component_ref idref="oc-40f"/>
      </symbol>
      <symbol id="sm-943">
         <name>__aeabi_i2d</name>
         <value>0x3aa9</value>
         <object_component_ref idref="oc-41a"/>
      </symbol>
      <symbol id="sm-952">
         <name>__TI_ltoa</name>
         <value>0x349f</value>
         <object_component_ref idref="oc-414"/>
      </symbol>
      <symbol id="sm-968">
         <name>atoi</name>
         <value>0x35dd</value>
         <object_component_ref idref="oc-376"/>
      </symbol>
      <symbol id="sm-973">
         <name>_ctypes_</name>
         <value>0x3eb4</value>
         <object_component_ref idref="oc-3f9"/>
      </symbol>
      <symbol id="sm-983">
         <name>memccpy</name>
         <value>0x3ca9</value>
         <object_component_ref idref="oc-39f"/>
      </symbol>
      <symbol id="sm-999">
         <name>__aeabi_errno_addr</name>
         <value>0x3e85</value>
         <object_component_ref idref="oc-3ab"/>
      </symbol>
      <symbol id="sm-99a">
         <name>errno</name>
         <value>0x200017e4</value>
         <object_component_ref idref="oc-45b"/>
      </symbol>
      <symbol id="sm-9b3">
         <name>wcslen</name>
         <value>0x3e19</value>
         <object_component_ref idref="oc-3a5"/>
      </symbol>
      <symbol id="sm-9d3">
         <name>frexpl</name>
         <value>0x3159</value>
         <object_component_ref idref="oc-43f"/>
      </symbol>
      <symbol id="sm-9d4">
         <name>frexp</name>
         <value>0x3159</value>
         <object_component_ref idref="oc-43f"/>
      </symbol>
      <symbol id="sm-9f1">
         <name>scalbn</name>
         <value>0x22ad</value>
         <object_component_ref idref="oc-445"/>
      </symbol>
      <symbol id="sm-9f2">
         <name>scalbnl</name>
         <value>0x22ad</value>
         <object_component_ref idref="oc-445"/>
      </symbol>
      <symbol id="sm-9f3">
         <name>ldexpl</name>
         <value>0x22ad</value>
         <object_component_ref idref="oc-445"/>
      </symbol>
      <symbol id="sm-9f4">
         <name>ldexp</name>
         <value>0x22ad</value>
         <object_component_ref idref="oc-445"/>
      </symbol>
      <symbol id="sm-9fe">
         <name>copysign</name>
         <value>0x3cfb</value>
         <object_component_ref idref="oc-4bd"/>
      </symbol>
      <symbol id="sm-9ff">
         <name>copysignl</name>
         <value>0x3cfb</value>
         <object_component_ref idref="oc-4bd"/>
      </symbol>
      <symbol id="sm-a2c">
         <name>SysTickEnable</name>
         <value>0x3db5</value>
         <object_component_ref idref="oc-172"/>
      </symbol>
      <symbol id="sm-a2d">
         <name>SysTickIntRegister</name>
         <value>0x3c39</value>
         <object_component_ref idref="oc-166"/>
      </symbol>
      <symbol id="sm-a2e">
         <name>SysTickIntEnable</name>
         <value>0x3dc9</value>
         <object_component_ref idref="oc-16c"/>
      </symbol>
      <symbol id="sm-a2f">
         <name>SysTickPeriodSet</name>
         <value>0x3e2d</value>
         <object_component_ref idref="oc-160"/>
      </symbol>
      <symbol id="sm-a62">
         <name>UARTConfigSetExpClk</name>
         <value>0x36b9</value>
         <object_component_ref idref="oc-1da"/>
      </symbol>
      <symbol id="sm-a63">
         <name>UARTDisable</name>
         <value>0x3bf9</value>
         <object_component_ref idref="oc-2a9"/>
      </symbol>
      <symbol id="sm-a64">
         <name>UARTCharPut</name>
         <value>0x3e79</value>
         <object_component_ref idref="oc-1e0"/>
      </symbol>
      <symbol id="sm-a65">
         <name>UARTEnable</name>
         <value>0x3ddd</value>
         <object_component_ref idref="oc-2af"/>
      </symbol>
      <symbol id="sm-a66">
         <name>UARTCharGet</name>
         <value>0x3e6f</value>
         <object_component_ref idref="oc-1e6"/>
      </symbol>
      <symbol id="sm-a67">
         <name>__TI_static_base__</name>
         <value>0x0</value>
      </symbol>
      <symbol id="sm-a6a">
         <name>__mpu_init</name>
         <value>0x0</value>
      </symbol>
      <symbol id="sm-a6b">
         <name>_system_post_cinit</name>
         <value>0x0</value>
      </symbol>
      <symbol id="sm-a6c">
         <name>remove</name>
         <value>0x3b31</value>
      </symbol>
   </symbol_table>
   <title>Link successful</title>
</link_info>
